
 Start         Length     Name                   Class
 0001:00401000 00127D08H .text                   CODE
 0002:00529000 000004F4H .itext                  ICODE
 0003:0052A000 00003EB8H .data                   DATA
 0004:0052E000 000000A0H .bss                    BSS
 0005:00000000 00000000H .tls                    TLS
 0006:00400000 00000000H .pdata                  PDATA


Detailed map of segments

 0001:00000000 00000290 C=CODE     S=.text    G=(none)   M=System   ACBP=A9
 0001:00000290 00000CF0 C=CODE     S=.text    G=(none)   M=SysInit  ACBP=A9
 0001:00000F80 000003A0 C=CODE     S=.text    G=(none)   M=Winapi.Windows ACBP=A9
 0001:00001320 00000024 C=CODE     S=.text    G=(none)   M=Winapi.PsAPI ACBP=A9
 0001:00001344 00000008 C=CODE     S=.text    G=(none)   M=System.Character ACBP=A9
 0001:0000134C 00000008 C=CODE     S=.text    G=(none)   M=System.Internal.ExcUtils ACBP=A9
 0001:00001354 00000148 C=CODE     S=.text    G=(none)   M=System.SysUtils ACBP=A9
 0001:0000149C 00000008 C=CODE     S=.text    G=(none)   M=System.VarUtils ACBP=A9
 0001:000014A4 000000D8 C=CODE     S=.text    G=(none)   M=System.Variants ACBP=A9
 0001:0000157C 00000028 C=CODE     S=.text    G=(none)   M=System.Math ACBP=A9
 0001:000015A4 00000010 C=CODE     S=.text    G=(none)   M=System.Rtti ACBP=A9
 0001:000015B4 00000008 C=CODE     S=.text    G=(none)   M=System.TypInfo ACBP=A9
 0001:000015BC 00000010 C=CODE     S=.text    G=(none)   M=System.Generics.Defaults ACBP=A9
 0001:000015CC 00000258 C=CODE     S=.text    G=(none)   M=System.Classes ACBP=A9
 0001:00001824 00000008 C=CODE     S=.text    G=(none)   M=System.StrUtils ACBP=A9
 0001:0000182C 00000008 C=CODE     S=.text    G=(none)   M=System.TimeSpan ACBP=A9
 0001:00001834 00000020 C=CODE     S=.text    G=(none)   M=System.DateUtils ACBP=A9
 0001:00001854 00000008 C=CODE     S=.text    G=(none)   M=System.IOUtils ACBP=A9
 0001:0000185C 00000020 C=CODE     S=.text    G=(none)   M=System.IniFiles ACBP=A9
 0001:0000187C 000017F4 C=CODE     S=.text    G=(none)   M=uxbConfig_Integrador ACBP=A9
 0001:00003070 00000008 C=CODE     S=.text    G=(none)   M=Data.SqlTimSt ACBP=A9
 0001:00003078 00000008 C=CODE     S=.text    G=(none)   M=Data.FmtBcd ACBP=A9
 0001:00003080 000000F8 C=CODE     S=.text    G=(none)   M=Data.DB  ACBP=A9
 0001:00003178 00000008 C=CODE     S=.text    G=(none)   M=System.SyncObjs ACBP=A9
 0001:00003180 00000008 C=CODE     S=.text    G=(none)   M=System.JSON ACBP=A9
 0001:00003188 00000008 C=CODE     S=.text    G=(none)   M=System.JSON.Types ACBP=A9
 0001:00003190 00000008 C=CODE     S=.text    G=(none)   M=System.NetEncoding ACBP=A9
 0001:00003198 00000008 C=CODE     S=.text    G=(none)   M=System.JSON.Utils ACBP=A9
 0001:000031A0 00000008 C=CODE     S=.text    G=(none)   M=System.JSON.Readers ACBP=A9
 0001:000031A8 00000008 C=CODE     S=.text    G=(none)   M=System.JSON.Writers ACBP=A9
 0001:000031B0 00000008 C=CODE     S=.text    G=(none)   M=Data.DBXClassRegistry ACBP=A9
 0001:000031B8 00000008 C=CODE     S=.text    G=(none)   M=System.Win.Registry ACBP=A9
 0001:000031C0 00000010 C=CODE     S=.text    G=(none)   M=Data.DBXCommon ACBP=A9
 0001:000031D0 00000008 C=CODE     S=.text    G=(none)   M=Data.DBConnAdmin ACBP=A9
 0001:000031D8 00000008 C=CODE     S=.text    G=(none)   M=Data.DBXJSONReflect ACBP=A9
 0001:000031E0 00000060 C=CODE     S=.text    G=(none)   M=Data.SqlExpr ACBP=A9
 0001:00003240 00000008 C=CODE     S=.text    G=(none)   M=upbSQLConnection ACBP=A9
 0001:00003248 00000008 C=CODE     S=.text    G=(none)   M=Data.DBXDynalink ACBP=A9
 0001:00003250 00000008 C=CODE     S=.text    G=(none)   M=Data.DBXInterbaseReadOnlyMetaData ACBP=A9
 0001:00003258 00000008 C=CODE     S=.text    G=(none)   M=Data.DBXMetaDataWriterFactory ACBP=A9
 0001:00003260 00000008 C=CODE     S=.text    G=(none)   M=Data.DBXInterbaseMetaData ACBP=A9
 0001:00003268 00000008 C=CODE     S=.text    G=(none)   M=Data.DbxInterbase ACBP=A9
 0001:00003270 0000068C C=CODE     S=.text    G=(none)   M=uDM      ACBP=A9
 0001:000038FC 00000008 C=CODE     S=.text    G=(none)   M=System.AnsiStrings ACBP=A9
 0001:00003904 00000010 C=CODE     S=.text    G=(none)   M=System.Win.ComObj ACBP=A9
 0001:00003914 00000008 C=CODE     S=.text    G=(none)   M=Datasnap.DSIntf ACBP=A9
 0001:0000391C 00000010 C=CODE     S=.text    G=(none)   M=Datasnap.Provider ACBP=A9
 0001:0000392C 00000048 C=CODE     S=.text    G=(none)   M=Datasnap.DBClient ACBP=A9
 0001:00003974 00000C18 C=CODE     S=.text    G=(none)   M=uConstTab ACBP=A9
 0001:0000458C 00000010 C=CODE     S=.text    G=(none)   M=Vcl.Graphics ACBP=A9
 0001:0000459C 00000008 C=CODE     S=.text    G=(none)   M=System.Actions ACBP=A9
 0001:000045A4 00000008 C=CODE     S=.text    G=(none)   M=Vcl.ActnList ACBP=A9
 0001:000045AC 00000008 C=CODE     S=.text    G=(none)   M=System.HelpIntfs ACBP=A9
 0001:000045B4 00000008 C=CODE     S=.text    G=(none)   M=Winapi.UxTheme ACBP=A9
 0001:000045BC 00000008 C=CODE     S=.text    G=(none)   M=Vcl.GraphUtil ACBP=A9
 0001:000045C4 00000090 C=CODE     S=.text    G=(none)   M=Vcl.StdCtrls ACBP=A9
 0001:00004654 00000008 C=CODE     S=.text    G=(none)   M=Vcl.Printers ACBP=A9
 0001:0000465C 00000008 C=CODE     S=.text    G=(none)   M=Vcl.Clipbrd ACBP=A9
 0001:00004664 000000C8 C=CODE     S=.text    G=(none)   M=Vcl.ComCtrls ACBP=A9
 0001:0000472C 00000010 C=CODE     S=.text    G=(none)   M=Vcl.Dialogs ACBP=A9
 0001:0000473C 00000028 C=CODE     S=.text    G=(none)   M=Vcl.ExtCtrls ACBP=A9
 0001:00004764 00000010 C=CODE     S=.text    G=(none)   M=Vcl.Themes ACBP=A9
 0001:00004774 00000008 C=CODE     S=.text    G=(none)   M=Winapi.FlatSB ACBP=A9
 0001:0000477C 00000028 C=CODE     S=.text    G=(none)   M=Vcl.Forms ACBP=A9
 0001:000047A4 00000008 C=CODE     S=.text    G=(none)   M=Vcl.Menus ACBP=A9
 0001:000047AC 00000068 C=CODE     S=.text    G=(none)   M=Winapi.MsCTF ACBP=A9
 0001:00004814 00000010 C=CODE     S=.text    G=(none)   M=Vcl.Controls ACBP=A9
 0001:00004824 000005B4 C=CODE     S=.text    G=(none)   M=uRotinas ACBP=A9
 0001:00004DD8 00000010 C=CODE     S=.text    G=(none)   M=Vcl.Buttons ACBP=A9
 0001:00004DE8 00000008 C=CODE     S=.text    G=(none)   M=Vcl.ExtDlgs ACBP=A9
 0001:00004DF0 00000EE8 C=CODE     S=.text    G=(none)   M=uConfigMPDV ACBP=A9
 0001:00005CD8 000091C0 C=CODE     S=.text    G=(none)   M=uAtualizacao ACBP=A9
 0001:0000EE98 00000008 C=CODE     S=.text    G=(none)   M=Bde.DBTables ACBP=A9
 0001:0000EEA0 0000029C C=CODE     S=.text    G=(none)   M=LbUtils  ACBP=A9
 0001:0000F13C 00003FE8 C=CODE     S=.text    G=(none)   M=LbCipher ACBP=A9
 0001:00013124 00000008 C=CODE     S=.text    G=(none)   M=Winapi.MMSystem ACBP=A9
 0001:0001312C 00002B78 C=CODE     S=.text    G=(none)   M=LbProc   ACBP=A9
 0001:00015CA4 00001004 C=CODE     S=.text    G=(none)   M=LbString ACBP=A9
 0001:00016CA8 00000148 C=CODE     S=.text    G=(none)   M=LbConst  ACBP=A9
 0001:00016DF0 00004F60 C=CODE     S=.text    G=(none)   M=LbClass  ACBP=A9
 0001:0001BD50 000231B8 C=CODE     S=.text    G=(none)   M=uAtualizacaoLM ACBP=A9
 0001:0003EF08 00000994 C=CODE     S=.text    G=(none)   M=uExportacao ACBP=A9
 0001:0003F89C 00000008 C=CODE     S=.text    G=(none)   M=Vcl.CheckLst ACBP=A9
 0001:0003F8A4 00003BB8 C=CODE     S=.text    G=(none)   M=uExportacaoLM ACBP=A9
 0001:0004345C 00000008 C=CODE     S=.text    G=(none)   M=uhbClientDataSet ACBP=A9
 0001:00043464 00000BAC C=CODE     S=.text    G=(none)   M=uImportacao ACBP=A9
 0001:00044010 00002E78 C=CODE     S=.text    G=(none)   M=uImportacaoLM ACBP=A9
 0001:00046E88 00034B84 C=CODE     S=.text    G=(none)   M=uAtualizacaoM3 ACBP=A9
 0001:0007BA0C 00005308 C=CODE     S=.text    G=(none)   M=uImportacaoM3 ACBP=A9
 0001:00080D14 0008FBA8 C=CODE     S=.text    G=(none)   M=uIntegracaoOnLine ACBP=A9
 0001:001108BC 00012738 C=CODE     S=.text    G=(none)   M=uLeitura ACBP=A9
 0001:00122FF4 000000B4 C=CODE     S=.text    G=(none)   M=uLeituraLM ACBP=A9
 0001:001230A8 000000B4 C=CODE     S=.text    G=(none)   M=uLeituraM3 ACBP=A9
 0001:0012315C 00004014 C=CODE     S=.text    G=(none)   M=uExportacaoM3 ACBP=A9
 0001:00127170 00000B98 C=CODE     S=.text    G=(none)   M=.M3MPDVIntegracao ACBP=A9
 0002:00000000 00000008 C=ICODE    S=.itext   G=(none)   M=System   ACBP=A9
 0002:00000008 00000008 C=ICODE    S=.itext   G=(none)   M=SysInit  ACBP=A9
 0002:00000010 00000018 C=ICODE    S=.itext   G=(none)   M=Winapi.Windows ACBP=A9
 0002:00000028 00000008 C=ICODE    S=.itext   G=(none)   M=Winapi.PsAPI ACBP=A9
 0002:00000030 00000008 C=ICODE    S=.itext   G=(none)   M=System.Character ACBP=A9
 0002:00000038 00000008 C=ICODE    S=.itext   G=(none)   M=System.Internal.ExcUtils ACBP=A9
 0002:00000040 00000028 C=ICODE    S=.itext   G=(none)   M=System.SysUtils ACBP=A9
 0002:00000068 00000008 C=ICODE    S=.itext   G=(none)   M=System.VarUtils ACBP=A9
 0002:00000070 00000008 C=ICODE    S=.itext   G=(none)   M=System.Variants ACBP=A9
 0002:00000078 00000008 C=ICODE    S=.itext   G=(none)   M=System.Math ACBP=A9
 0002:00000080 00000010 C=ICODE    S=.itext   G=(none)   M=System.Rtti ACBP=A9
 0002:00000090 00000008 C=ICODE    S=.itext   G=(none)   M=System.TypInfo ACBP=A9
 0002:00000098 00000010 C=ICODE    S=.itext   G=(none)   M=System.Generics.Defaults ACBP=A9
 0002:000000A8 00000038 C=ICODE    S=.itext   G=(none)   M=System.Classes ACBP=A9
 0002:000000E0 00000008 C=ICODE    S=.itext   G=(none)   M=System.TimeSpan ACBP=A9
 0002:000000E8 00000010 C=ICODE    S=.itext   G=(none)   M=System.DateUtils ACBP=A9
 0002:000000F8 00000008 C=ICODE    S=.itext   G=(none)   M=System.IOUtils ACBP=A9
 0002:00000100 00000008 C=ICODE    S=.itext   G=(none)   M=uxbConfig_Integrador ACBP=A9
 0002:00000108 00000008 C=ICODE    S=.itext   G=(none)   M=Data.SqlTimSt ACBP=A9
 0002:00000110 00000008 C=ICODE    S=.itext   G=(none)   M=Data.FmtBcd ACBP=A9
 0002:00000118 00000008 C=ICODE    S=.itext   G=(none)   M=Data.DB  ACBP=A9
 0002:00000120 00000008 C=ICODE    S=.itext   G=(none)   M=System.SyncObjs ACBP=A9
 0002:00000128 00000008 C=ICODE    S=.itext   G=(none)   M=System.JSON ACBP=A9
 0002:00000130 00000008 C=ICODE    S=.itext   G=(none)   M=System.JSON.Types ACBP=A9
 0002:00000138 00000008 C=ICODE    S=.itext   G=(none)   M=System.NetEncoding ACBP=A9
 0002:00000140 00000008 C=ICODE    S=.itext   G=(none)   M=System.JSON.Utils ACBP=A9
 0002:00000148 00000008 C=ICODE    S=.itext   G=(none)   M=System.JSON.Readers ACBP=A9
 0002:00000150 00000008 C=ICODE    S=.itext   G=(none)   M=System.JSON.Writers ACBP=A9
 0002:00000158 00000008 C=ICODE    S=.itext   G=(none)   M=Data.DBXClassRegistry ACBP=A9
 0002:00000160 00000008 C=ICODE    S=.itext   G=(none)   M=System.Win.Registry ACBP=A9
 0002:00000168 00000010 C=ICODE    S=.itext   G=(none)   M=Data.DBXCommon ACBP=A9
 0002:00000178 00000008 C=ICODE    S=.itext   G=(none)   M=Data.DBConnAdmin ACBP=A9
 0002:00000180 00000008 C=ICODE    S=.itext   G=(none)   M=Data.DBXJSONReflect ACBP=A9
 0002:00000188 00000008 C=ICODE    S=.itext   G=(none)   M=Data.DBXDynalink ACBP=A9
 0002:00000190 00000008 C=ICODE    S=.itext   G=(none)   M=Data.DBXInterbaseReadOnlyMetaData ACBP=A9
 0002:00000198 00000008 C=ICODE    S=.itext   G=(none)   M=Data.DBXMetaDataWriterFactory ACBP=A9
 0002:000001A0 00000008 C=ICODE    S=.itext   G=(none)   M=Data.DBXInterbaseMetaData ACBP=A9
 0002:000001A8 00000008 C=ICODE    S=.itext   G=(none)   M=Data.DbxInterbase ACBP=A9
 0002:000001B0 00000008 C=ICODE    S=.itext   G=(none)   M=uDM      ACBP=A9
 0002:000001B8 00000008 C=ICODE    S=.itext   G=(none)   M=System.AnsiStrings ACBP=A9
 0002:000001C0 00000010 C=ICODE    S=.itext   G=(none)   M=System.Win.ComObj ACBP=A9
 0002:000001D0 00000008 C=ICODE    S=.itext   G=(none)   M=Datasnap.DSIntf ACBP=A9
 0002:000001D8 00000008 C=ICODE    S=.itext   G=(none)   M=uConstTab ACBP=A9
 0002:000001E0 00000010 C=ICODE    S=.itext   G=(none)   M=Vcl.Graphics ACBP=A9
 0002:000001F0 00000008 C=ICODE    S=.itext   G=(none)   M=System.Actions ACBP=A9
 0002:000001F8 00000008 C=ICODE    S=.itext   G=(none)   M=Vcl.ActnList ACBP=A9
 0002:00000200 00000008 C=ICODE    S=.itext   G=(none)   M=System.HelpIntfs ACBP=A9
 0002:00000208 00000008 C=ICODE    S=.itext   G=(none)   M=Winapi.UxTheme ACBP=A9
 0002:00000210 00000008 C=ICODE    S=.itext   G=(none)   M=Vcl.GraphUtil ACBP=A9
 0002:00000218 00000090 C=ICODE    S=.itext   G=(none)   M=Vcl.StdCtrls ACBP=A9
 0002:000002A8 00000008 C=ICODE    S=.itext   G=(none)   M=Vcl.Printers ACBP=A9
 0002:000002B0 00000008 C=ICODE    S=.itext   G=(none)   M=Vcl.Clipbrd ACBP=A9
 0002:000002B8 000000C8 C=ICODE    S=.itext   G=(none)   M=Vcl.ComCtrls ACBP=A9
 0002:00000380 00000008 C=ICODE    S=.itext   G=(none)   M=Vcl.Dialogs ACBP=A9
 0002:00000388 00000028 C=ICODE    S=.itext   G=(none)   M=Vcl.ExtCtrls ACBP=A9
 0002:000003B0 00000010 C=ICODE    S=.itext   G=(none)   M=Vcl.Themes ACBP=A9
 0002:000003C0 00000008 C=ICODE    S=.itext   G=(none)   M=Winapi.FlatSB ACBP=A9
 0002:000003C8 00000020 C=ICODE    S=.itext   G=(none)   M=Vcl.Forms ACBP=A9
 0002:000003E8 00000008 C=ICODE    S=.itext   G=(none)   M=Vcl.Menus ACBP=A9
 0002:000003F0 00000010 C=ICODE    S=.itext   G=(none)   M=Winapi.MsCTF ACBP=A9
 0002:00000400 00000008 C=ICODE    S=.itext   G=(none)   M=Vcl.Controls ACBP=A9
 0002:00000408 00000008 C=ICODE    S=.itext   G=(none)   M=uRotinas ACBP=A9
 0002:00000410 00000010 C=ICODE    S=.itext   G=(none)   M=Vcl.Buttons ACBP=A9
 0002:00000420 00000008 C=ICODE    S=.itext   G=(none)   M=Vcl.ExtDlgs ACBP=A9
 0002:00000428 00000008 C=ICODE    S=.itext   G=(none)   M=uConfigMPDV ACBP=A9
 0002:00000430 00000008 C=ICODE    S=.itext   G=(none)   M=uAtualizacao ACBP=A9
 0002:00000438 00000008 C=ICODE    S=.itext   G=(none)   M=Bde.DBTables ACBP=A9
 0002:00000440 00000008 C=ICODE    S=.itext   G=(none)   M=LbUtils  ACBP=A9
 0002:00000448 00000008 C=ICODE    S=.itext   G=(none)   M=LbCipher ACBP=A9
 0002:00000450 0000001C C=ICODE    S=.itext   G=(none)   M=LbProc   ACBP=A9
 0002:0000046C 00000008 C=ICODE    S=.itext   G=(none)   M=LbString ACBP=A9
 0002:00000474 00000008 C=ICODE    S=.itext   G=(none)   M=LbConst  ACBP=A9
 0002:0000047C 00000008 C=ICODE    S=.itext   G=(none)   M=LbClass  ACBP=A9
 0002:00000484 00000008 C=ICODE    S=.itext   G=(none)   M=uAtualizacaoLM ACBP=A9
 0002:0000048C 00000008 C=ICODE    S=.itext   G=(none)   M=uExportacao ACBP=A9
 0002:00000494 00000008 C=ICODE    S=.itext   G=(none)   M=Vcl.CheckLst ACBP=A9
 0002:0000049C 00000008 C=ICODE    S=.itext   G=(none)   M=uExportacaoLM ACBP=A9
 0002:000004A4 00000008 C=ICODE    S=.itext   G=(none)   M=uImportacao ACBP=A9
 0002:000004AC 00000008 C=ICODE    S=.itext   G=(none)   M=uImportacaoLM ACBP=A9
 0002:000004B4 00000008 C=ICODE    S=.itext   G=(none)   M=uAtualizacaoM3 ACBP=A9
 0002:000004BC 00000008 C=ICODE    S=.itext   G=(none)   M=uImportacaoM3 ACBP=A9
 0002:000004C4 00000008 C=ICODE    S=.itext   G=(none)   M=uIntegracaoOnLine ACBP=A9
 0002:000004CC 00000008 C=ICODE    S=.itext   G=(none)   M=uLeitura ACBP=A9
 0002:000004D4 00000008 C=ICODE    S=.itext   G=(none)   M=uLeituraLM ACBP=A9
 0002:000004DC 00000008 C=ICODE    S=.itext   G=(none)   M=uLeituraM3 ACBP=A9
 0002:000004E4 00000008 C=ICODE    S=.itext   G=(none)   M=uExportacaoM3 ACBP=A9
 0002:000004EC 00000008 C=ICODE    S=.itext   G=(none)   M=.M3MPDVIntegracao ACBP=A9
 0003:00000000 00000088 C=DATA     S=.data    G=DGROUP   M=SysInit  ACBP=A9
 0003:00000088 0000000C C=DATA     S=.data    G=DGROUP   M=Winapi.Windows ACBP=A9
 0003:00000094 00000004 C=DATA     S=.data    G=DGROUP   M=Winapi.MsCTF ACBP=A9
 0003:00000098 00003CC8 C=DATA     S=.data    G=DGROUP   M=LbCipher ACBP=A9
 0003:00003D60 000000D0 C=DATA     S=.data    G=DGROUP   M=LbString ACBP=A9
 0003:00003E30 0000000C C=DATA     S=.data    G=DGROUP   M=LbClass  ACBP=A9
 0003:00003E3C 00000020 C=DATA     S=.data    G=DGROUP   M=uAtualizacaoLM ACBP=A9
 0003:00003E5C 00000020 C=DATA     S=.data    G=DGROUP   M=uAtualizacaoM3 ACBP=A9
 0003:00003E7C 00000028 C=DATA     S=.data    G=DGROUP   M=uIntegracaoOnLine ACBP=A9
 0004:00000000 00000020 C=BSS      S=.bss     G=DGROUP   M=SysInit  ACBP=A9
 0004:00000020 00000008 C=BSS      S=.bss     G=DGROUP   M=Winapi.Windows ACBP=A9
 0004:00000028 00000008 C=BSS      S=.bss     G=DGROUP   M=Winapi.PsAPI ACBP=A9
 0004:00000030 00000004 C=BSS      S=.bss     G=DGROUP   M=uxbConfig_Integrador ACBP=A9
 0004:00000034 00000008 C=BSS      S=.bss     G=DGROUP   M=uDM      ACBP=A9
 0004:0000003C 00000004 C=BSS      S=.bss     G=DGROUP   M=uConstTab ACBP=A9
 0004:00000040 00000004 C=BSS      S=.bss     G=DGROUP   M=Winapi.MsCTF ACBP=A9
 0004:00000044 00000004 C=BSS      S=.bss     G=DGROUP   M=uRotinas ACBP=A9
 0004:00000048 00000004 C=BSS      S=.bss     G=DGROUP   M=uConfigMPDV ACBP=A9
 0004:0000004C 00000004 C=BSS      S=.bss     G=DGROUP   M=uAtualizacao ACBP=A9
 0004:00000050 00000004 C=BSS      S=.bss     G=DGROUP   M=LbUtils  ACBP=A9
 0004:00000054 00000004 C=BSS      S=.bss     G=DGROUP   M=LbCipher ACBP=A9
 0004:00000058 0000000C C=BSS      S=.bss     G=DGROUP   M=LbProc   ACBP=A9
 0004:00000064 00000004 C=BSS      S=.bss     G=DGROUP   M=LbString ACBP=A9
 0004:00000068 00000004 C=BSS      S=.bss     G=DGROUP   M=LbConst  ACBP=A9
 0004:0000006C 00000004 C=BSS      S=.bss     G=DGROUP   M=LbClass  ACBP=A9
 0004:00000070 00000004 C=BSS      S=.bss     G=DGROUP   M=uAtualizacaoLM ACBP=A9
 0004:00000074 00000004 C=BSS      S=.bss     G=DGROUP   M=uExportacao ACBP=A9
 0004:00000078 00000004 C=BSS      S=.bss     G=DGROUP   M=uExportacaoLM ACBP=A9
 0004:0000007C 00000004 C=BSS      S=.bss     G=DGROUP   M=uImportacao ACBP=A9
 0004:00000080 00000004 C=BSS      S=.bss     G=DGROUP   M=uImportacaoLM ACBP=A9
 0004:00000084 00000004 C=BSS      S=.bss     G=DGROUP   M=uAtualizacaoM3 ACBP=A9
 0004:00000088 00000004 C=BSS      S=.bss     G=DGROUP   M=uImportacaoM3 ACBP=A9
 0004:0000008C 00000004 C=BSS      S=.bss     G=DGROUP   M=uIntegracaoOnLine ACBP=A9
 0004:00000090 00000004 C=BSS      S=.bss     G=DGROUP   M=uLeitura ACBP=A9
 0004:00000094 00000004 C=BSS      S=.bss     G=DGROUP   M=uLeituraLM ACBP=A9
 0004:00000098 00000004 C=BSS      S=.bss     G=DGROUP   M=uLeituraM3 ACBP=A9
 0004:0000009C 00000004 C=BSS      S=.bss     G=DGROUP   M=uExportacaoM3 ACBP=A9


  Address             Publics by Name

 0002:000004EC       .M3MPDVIntegracao..M3MPDVIntegracao
 0001:00127CE8       .M3MPDVIntegracao.@GetPackageInfoTable
 0001:00127CF0       .M3MPDVIntegracao.@PackageLoad
 0001:00127CFC       .M3MPDVIntegracao.@PackageUnload
 0002:00000438       Bde.DBTables.Bde.DBTables
 0001:0000EE98       Bde.DBTables.Finalization
 0002:00000118       Data.DB.Data.DB
 0001:00003170       Data.DB.Finalization
 0001:00003160       Data.DB.TDataSet.Append
 0001:00003110       Data.DB.TDataSet.Close
 0001:00003168       Data.DB.TDataSet.Delete
 0001:00003150       Data.DB.TDataSet.Edit
 0001:00003120       Data.DB.TDataSet.FieldByName
 0001:00003128       Data.DB.TDataSet.FindField
 0001:00003138       Data.DB.TDataSet.First
 0001:00003118       Data.DB.TDataSet.GetActive
 0001:00003158       Data.DB.TDataSet.Insert
 0001:00003130       Data.DB.TDataSet.IsEmpty
 0001:00003140       Data.DB.TDataSet.Next
 0001:00003108       Data.DB.TDataSet.Open
 0001:00003148       Data.DB.TDataSet.Refresh
 0001:00003090       Data.DB.TDataSource.Create
 0001:00003098       Data.DB.TDataSource.SetDataSet
 0001:00003080       Data.DB.TFieldDefs.Add
 0001:00003088       Data.DB.TFields.GetField
 0001:000030C8       Data.DB.TParam.GetAsInteger
 0001:000030D8       Data.DB.TParam.GetAsString
 0001:00003100       Data.DB.TParam.GetAsVariant
 0001:000030B8       Data.DB.TParam.SetAsBCD
 0001:000030A8       Data.DB.TParam.SetAsBoolean
 0001:000030E0       Data.DB.TParam.SetAsDate
 0001:000030F0       Data.DB.TParam.SetAsDateTime
 0001:000030B0       Data.DB.TParam.SetAsFloat
 0001:000030C0       Data.DB.TParam.SetAsInteger
 0001:000030D0       Data.DB.TParam.SetAsString
 0001:000030E8       Data.DB.TParam.SetAsTime
 0001:000030F8       Data.DB.TParam.SetAsVariant
 0001:000030A0       Data.DB.TParams.FindParam
 0002:00000178       Data.DBConnAdmin.Data.DBConnAdmin
 0001:000031D0       Data.DBConnAdmin.Finalization
 0002:00000158       Data.DBXClassRegistry.Data.DBXClassRegistry
 0001:000031B0       Data.DBXClassRegistry.Finalization
 0002:00000170       Data.DBXCommon.Data.DBXCommon
 0001:000031C8       Data.DBXCommon.Finalization
 0002:00000168       Data.DBXCommon.TDBXConnectionFactory.Create@
 0001:000031C0       Data.DBXCommon.TDBXConnectionFactory.Destroy@
 0002:00000188       Data.DBXDynalink.Data.DBXDynalink
 0001:00003248       Data.DBXDynalink.Finalization
 0002:000001A8       Data.DbxInterbase.Data.DbxInterbase
 0001:00003268       Data.DbxInterbase.Finalization
 0002:000001A0       Data.DBXInterbaseMetaData.Data.DBXInterbaseMetaData
 0001:00003260       Data.DBXInterbaseMetaData.Finalization
 0002:00000190       Data.DBXInterbaseReadOnlyMetaData.Data.DBXInterbaseReadOnlyMetaData
 0001:00003250       Data.DBXInterbaseReadOnlyMetaData.Finalization
 0002:00000180       Data.DBXJSONReflect.TJSONConverters.Create@
 0001:000031D8       Data.DBXJSONReflect.TJSONConverters.Destroy@
 0002:00000198       Data.DBXMetaDataWriterFactory.Data.DBXMetaDataWriterFactory
 0001:00003258       Data.DBXMetaDataWriterFactory.Finalization
 0002:00000110       Data.FmtBcd.Data.FmtBcd
 0001:00003078       Data.FmtBcd.Finalization
 0001:00003218       Data.SqlExpr.TCustomSQLDataSet.ParamByName
 0001:00003220       Data.SqlExpr.TCustomSQLDataSet.SetSchemaName
 0001:00003200       Data.SqlExpr.TSQLConnection.Commit
 0001:00003210       Data.SqlExpr.TSQLConnection.GetConnectionName
 0001:00003208       Data.SqlExpr.TSQLConnection.Rollback
 0001:000031F8       Data.SqlExpr.TSQLConnection.StartTransaction
 0001:000031E0       Data.SqlExpr.TSQLMonitor.Create
 0001:000031F0       Data.SqlExpr.TSQLMonitor.SetActive
 0001:000031E8       Data.SqlExpr.TSQLMonitor.SetSQLConnection
 0001:00003228       Data.SqlExpr.TSQLQuery.Create
 0001:00003230       Data.SqlExpr.TSQLStoredProc.Create
 0001:00003238       Data.SqlExpr.TSQLStoredProc.SetStoredProcName
 0002:00000108       Data.SqlTimSt.Data.SqlTimSt
 0001:00003070       Data.SqlTimSt.Finalization
 0001:0000392C       Datasnap.DBClient.TCustomClientDataSet.Create
 0001:0000394C       Datasnap.DBClient.TCustomClientDataSet.CreateDataSet
 0001:00003934       Datasnap.DBClient.TCustomClientDataSet.GetData
 0001:00003954       Datasnap.DBClient.TCustomClientDataSet.SaveToFile
 0001:0000393C       Datasnap.DBClient.TCustomClientDataSet.SetData
 0001:00003964       Datasnap.DBClient.TCustomClientDataSet.SetDataSource
 0001:0000395C       Datasnap.DBClient.TCustomClientDataSet.SetIndexFieldNames
 0001:0000396C       Datasnap.DBClient.TCustomClientDataSet.SetMasterFields
 0001:00003944       Datasnap.DBClient.TCustomClientDataSet.SetProvider
 0002:000001D0       Datasnap.DSIntf.Datasnap.DSIntf
 0001:00003914       Datasnap.DSIntf.Finalization
 0001:0000391C       Datasnap.Provider.TDataSetProvider.Create
 0001:00003924       Datasnap.Provider.TDataSetProvider.SetDataSet
 0004:00000054       LbCipher..2
 0001:0000F13C       LbCipher..TLBBase
 0003:00000198       LbCipher.BCSalts
 0003:000001A8       LbCipher.bf_P
 0003:000001F0       LbCipher.bf_S
 0003:000034A0       LbCipher.CBitMask
 0003:00003CA8       LbCipher.CKeyBox
 0003:00003490       LbCipher.CTotRot
 0001:00010AB8       LbCipher.EncryptBF
 0001:00010C80       LbCipher.EncryptBFCBC
 0001:000102F0       LbCipher.EncryptDES
 0001:000104C8       LbCipher.EncryptDESCBC
 0001:0000F95C       LbCipher.EncryptLBC
 0001:0000FBAC       LbCipher.EncryptLBCCBC
 0001:000107AC       LbCipher.EncryptLQC
 0001:00010930       LbCipher.EncryptLQCCBC
 0001:00010D94       LbCipher.EncryptLSC
 0001:00012E54       LbCipher.EncryptRDL
 0001:00012F28       LbCipher.EncryptRDLCBC
 0001:00010E74       LbCipher.EncryptRNG32
 0001:00010ED8       LbCipher.EncryptRNG64
 0001:0001058C       LbCipher.EncryptTripleDES
 0001:000106D8       LbCipher.EncryptTripleDES3Key
 0001:000105C4       LbCipher.EncryptTripleDESCBC
 0001:00010714       LbCipher.EncryptTripleDESCBC3Key
 0001:000113AC       LbCipher.FF
 0001:0001311C       LbCipher.Finalization
 0001:0001223C       LbCipher.FinalizeLMD
 0001:00011E6C       LbCipher.FinalizeMD5
 0001:000129B8       LbCipher.FinalizeSHA1
 0001:000101E8       LbCipher.FPerm
 0001:00010F5C       LbCipher.GenerateLMDKey
 0001:00010F90       LbCipher.GenerateMD5Key
 0001:00010F18       LbCipher.GenerateRandomKey
 0001:000113EC       LbCipher.GG
 0001:00011300       LbCipher.HashELF
 0001:000122E8       LbCipher.HashLMD
 0001:00011FE4       LbCipher.HashMD5
 0001:00012330       LbCipher.HashMix128
 0001:00012568       LbCipher.HashSHA1
 0001:0001142C       LbCipher.HH
 0001:00011468       LbCipher.II
 0001:0001098C       LbCipher.InitEncryptBF
 0001:0000FC00       LbCipher.InitEncryptDES
 0001:0000FE18       LbCipher.InitEncryptLBC
 0001:00010CDC       LbCipher.InitEncryptLSC
 0001:00012F7C       LbCipher.InitEncryptRDL
 0001:00010E5C       LbCipher.InitEncryptRNG32
 0001:00010EB4       LbCipher.InitEncryptRNG64
 0001:00010520       LbCipher.InitEncryptTripleDES
 0001:00010654       LbCipher.InitEncryptTripleDES3Key
 0001:00012028       LbCipher.InitLMD
 0001:00011CE4       LbCipher.InitMD5
 0001:000128C0       LbCipher.InitSHA1
 0001:000100E8       LbCipher.IPerm
 0001:000100C0       LbCipher.JoinBlock
 0002:00000448       LbCipher.LbCipher
 0001:00011204       LbCipher.Mix128
 0003:00003D18       LbCipher.Padding
 0003:00003D58       LbCipher.Padding
 0003:00003428       LbCipher.PC1
 0003:00003460       LbCipher.PC2
 0003:00000098       LbCipher.Pi2048
 0001:00011038       LbCipher.Ran01
 0001:00011064       LbCipher.Ran02
 0001:00011090       LbCipher.Ran03
 0001:00010FCC       LbCipher.Ran0Prim
 0001:000110BC       LbCipher.Random32Byte
 0001:000110EC       LbCipher.Random64
 0001:00011120       LbCipher.Random64Byte
 0003:000013F0       LbCipher.RCon
 0001:00012C9C       LbCipher.RdlInvRound
 0003:000012F0       LbCipher.RDLInvSBox
 0001:00012ACC       LbCipher.RdlRotateVector
 0001:00012B2C       LbCipher.RdlRound
 0003:000011F0       LbCipher.RDLSBox
 0001:00012A84       LbCipher.RdlSubVector
 0003:00002428       LbCipher.RDL_InvT0
 0003:00002828       LbCipher.RDL_InvT1
 0003:00002C28       LbCipher.RDL_InvT2
 0003:00003028       LbCipher.RDL_InvT3
 0003:00001428       LbCipher.RDL_T0
 0003:00001828       LbCipher.RDL_T1
 0003:00001C28       LbCipher.RDL_T2
 0003:00002028       LbCipher.RDL_T3
 0001:000113A4       LbCipher.RolX
 0001:00012508       LbCipher.SHA1Clear
 0001:000125C8       LbCipher.SHA1Hash
 0001:00012524       LbCipher.SHA1SwapByteOrder
 0001:00012884       LbCipher.SHA1UpdateLen
 0001:00011150       LbCipher.ShrinkDESKey
 0003:00003D08       LbCipher.SK1
 0003:00003D10       LbCipher.SK2
 0003:000034A8       LbCipher.SPBox
 0001:00010090       LbCipher.SplitBlock
 0001:00011378       LbCipher.StringHashELF
 0001:00012484       LbCipher.StringHashLMD
 0001:00012458       LbCipher.StringHashMD5
 0001:0001242C       LbCipher.StringHashMix128
 0001:0001259C       LbCipher.StringHashSHA1
 0001:000114A8       LbCipher.Transform
 0001:000120A0       LbCipher.UpdateLMD
 0001:00011D38       LbCipher.UpdateMD5
 0001:00012904       LbCipher.UpdateSHA1
 0001:000124E4       LbCipher.XorMem
 0001:000124B8       LbCipher.XorMemPrim
 0004:0000006C       LbClass..71
 0001:0001801C       LbClass..TLb3DES
 0001:00016DF0       LbClass..TLBBaseComponent
 0001:00017644       LbClass..TLbBlowfish
 0001:00016F38       LbClass..TLbCipher
 0001:00017B34       LbClass..TLbDES
 0001:00018A88       LbClass..TLbHash
 0001:00018D28       LbClass..TLbMD5
 0001:00018540       LbClass..TLbRijndael
 0001:00019A10       LbClass..TLbRNG32FileStream
 0001:000197C0       LbClass..TLbRNG32Stream
 0001:00019F00       LbClass..TLbRNG64FileStream
 0001:00019C7C       LbClass..TLbRNG64Stream
 0001:00019528       LbClass..TLbSCFileStream
 0001:000192AC       LbClass..TLbSCStream
 0001:00018FE8       LbClass..TLbSHA1
 0001:000173EC       LbClass..TLbSymmetricCipher
 0001:0001BD48       LbClass.Finalization
 0002:0000047C       LbClass.LbClass
 0003:00003E30       LbClass.RDLKeySizeMap
 0001:0001AA58       LbClass.TLb3DES.Create
 0001:0001AAD4       LbClass.TLb3DES.DecryptFile
 0001:0001AB20       LbClass.TLb3DES.DecryptStream
 0001:0001AB6C       LbClass.TLb3DES.DecryptString
 0001:0001AAA0       LbClass.TLb3DES.Destroy
 0001:0001ABB8       LbClass.TLb3DES.EncryptFile
 0001:0001AC04       LbClass.TLb3DES.EncryptStream
 0001:0001AC50       LbClass.TLb3DES.EncryptString
 0001:0001AC9C       LbClass.TLb3DES.GenerateKey
 0001:0001ACC0       LbClass.TLb3DES.GenerateRandomKey
 0001:0001AD00       LbClass.TLb3DES.GetKey
 0001:0001AD24       LbClass.TLb3DES.OutBufSizeNeeded
 0001:0001ACDC       LbClass.TLb3DES.SetKey
 0001:0001A1A0       LbClass.TLBBaseComponent.GetVersion
 0001:0001A1C0       LbClass.TLBBaseComponent.SetVersion
 0001:0001A460       LbClass.TLbBlowfish.Create
 0001:0001A4DC       LbClass.TLbBlowfish.DecryptFile
 0001:0001A528       LbClass.TLbBlowfish.DecryptStream
 0001:0001A574       LbClass.TLbBlowfish.DecryptString
 0001:0001A4A8       LbClass.TLbBlowfish.Destroy
 0001:0001A5C0       LbClass.TLbBlowfish.EncryptFile
 0001:0001A60C       LbClass.TLbBlowfish.EncryptStream
 0001:0001A658       LbClass.TLbBlowfish.EncryptString
 0001:0001A6A4       LbClass.TLbBlowfish.GenerateKey
 0001:0001A6C8       LbClass.TLbBlowfish.GenerateRandomKey
 0001:0001A6E4       LbClass.TLbBlowfish.GetKey
 0001:0001A72C       LbClass.TLbBlowfish.OutBufSizeNeeded
 0001:0001A708       LbClass.TLbBlowfish.SetKey
 0001:0001A1D0       LbClass.TLbCipher.Create
 0001:0001A24C       LbClass.TLbCipher.DecryptBuffer
 0001:000173B4       LbClass.TLbCipher.DecryptFile
 0001:000173BC       LbClass.TLbCipher.DecryptStream
 0001:000173C4       LbClass.TLbCipher.DecryptString
 0001:0001A218       LbClass.TLbCipher.Destroy
 0001:0001A318       LbClass.TLbCipher.EncryptBuffer
 0001:000173CC       LbClass.TLbCipher.EncryptFile
 0001:000173D4       LbClass.TLbCipher.EncryptStream
 0001:000173DC       LbClass.TLbCipher.EncryptString
 0001:000173E4       LbClass.TLbCipher.OutBufSizeNeeded
 0001:0001A75C       LbClass.TLbDES.Create
 0001:0001A7D8       LbClass.TLbDES.DecryptFile
 0001:0001A824       LbClass.TLbDES.DecryptStream
 0001:0001A870       LbClass.TLbDES.DecryptString
 0001:0001A7A4       LbClass.TLbDES.Destroy
 0001:0001A8BC       LbClass.TLbDES.EncryptFile
 0001:0001A908       LbClass.TLbDES.EncryptStream
 0001:0001A954       LbClass.TLbDES.EncryptString
 0001:0001A9A0       LbClass.TLbDES.GenerateKey
 0001:0001A9C4       LbClass.TLbDES.GenerateRandomKey
 0001:0001AA04       LbClass.TLbDES.GetKey
 0001:0001AA28       LbClass.TLbDES.OutBufSizeNeeded
 0001:0001A9E0       LbClass.TLbDES.SetKey
 0001:0001B0CC       LbClass.TLbHash.Create
 0001:0001B114       LbClass.TLbHash.Destroy
 0001:00018D08       LbClass.TLbHash.HashBuffer
 0001:00018D10       LbClass.TLbHash.HashFile
 0001:00018D18       LbClass.TLbHash.HashStream
 0001:00018D20       LbClass.TLbHash.HashString
 0001:0001B148       LbClass.TLbMD5.Create
 0001:0001B190       LbClass.TLbMD5.Destroy
 0001:0001B1C4       LbClass.TLbMD5.GetDigest
 0001:0001B1EC       LbClass.TLbMD5.HashBuffer
 0001:0001B214       LbClass.TLbMD5.HashFile
 0001:0001B270       LbClass.TLbMD5.HashStream
 0001:0001B2E4       LbClass.TLbMD5.HashString
 0001:0001AD54       LbClass.TLbRijndael.Create
 0001:0001ADD8       LbClass.TLbRijndael.DecryptFile
 0001:0001AE30       LbClass.TLbRijndael.DecryptStream
 0001:0001AE88       LbClass.TLbRijndael.DecryptString
 0001:0001AD9C       LbClass.TLbRijndael.Destroy
 0001:0001AEE0       LbClass.TLbRijndael.EncryptFile
 0001:0001AF38       LbClass.TLbRijndael.EncryptStream
 0001:0001AF90       LbClass.TLbRijndael.EncryptString
 0001:0001AFE8       LbClass.TLbRijndael.GenerateKey
 0001:0001B00C       LbClass.TLbRijndael.GenerateRandomKey
 0001:0001B028       LbClass.TLbRijndael.GetKey
 0001:0001B09C       LbClass.TLbRijndael.OutBufSizeNeeded
 0001:0001B04C       LbClass.TLbRijndael.SetKey
 0001:0001B070       LbClass.TLbRijndael.SetKeySize
 0001:0001B990       LbClass.TLbRNG32FileStream.ChangeKey
 0001:0001B900       LbClass.TLbRNG32FileStream.Create
 0001:0001B9B0       LbClass.TLbRNG32FileStream.Read
 0001:0001B960       LbClass.TLbRNG32FileStream.Reinitialize
 0001:0001B9E8       LbClass.TLbRNG32FileStream.Write
 0001:0001B828       LbClass.TLbRNG32Stream.ChangeKey
 0001:0001B7A0       LbClass.TLbRNG32Stream.Create
 0001:0001B848       LbClass.TLbRNG32Stream.Read
 0001:0001B7F8       LbClass.TLbRNG32Stream.Reinitialize
 0001:0001B880       LbClass.TLbRNG32Stream.Write
 0001:0001BC6C       LbClass.TLbRNG64FileStream.ChangeKey
 0001:0001BBD4       LbClass.TLbRNG64FileStream.Create
 0001:0001BC90       LbClass.TLbRNG64FileStream.Read
 0001:0001BC38       LbClass.TLbRNG64FileStream.Reinitialize
 0001:0001BCC8       LbClass.TLbRNG64FileStream.Write
 0001:0001BAF8       LbClass.TLbRNG64Stream.ChangeKey
 0001:0001BA68       LbClass.TLbRNG64Stream.Create
 0001:0001BB1C       LbClass.TLbRNG64Stream.Read
 0001:0001BAC4       LbClass.TLbRNG64Stream.Reinitialize
 0001:0001BB54       LbClass.TLbRNG64Stream.Write
 0001:0001B6C4       LbClass.TLbSCFileStream.ChangeKey
 0001:0001B62C       LbClass.TLbSCFileStream.Create
 0001:0001B6E8       LbClass.TLbSCFileStream.Read
 0001:0001B690       LbClass.TLbSCFileStream.Reinitialize
 0001:0001B720       LbClass.TLbSCFileStream.Write
 0001:0001B550       LbClass.TLbSCStream.ChangeKey
 0001:0001B4C0       LbClass.TLbSCStream.Create
 0001:0001B574       LbClass.TLbSCStream.Read
 0001:0001B51C       LbClass.TLbSCStream.Reinitialize
 0001:0001B5AC       LbClass.TLbSCStream.Write
 0001:0001B304       LbClass.TLbSHA1.Create
 0001:0001B34C       LbClass.TLbSHA1.Destroy
 0001:0001B380       LbClass.TLbSHA1.GetDigest
 0001:0001B3A8       LbClass.TLbSHA1.HashBuffer
 0001:0001B3D0       LbClass.TLbSHA1.HashFile
 0001:0001B42C       LbClass.TLbSHA1.HashStream
 0001:0001B4A0       LbClass.TLbSHA1.HashString
 0001:0001A3E4       LbClass.TLbSymmetricCipher.Create
 0001:0001A42C       LbClass.TLbSymmetricCipher.Destroy
 0001:00017634       LbClass.TLbSymmetricCipher.GenerateKey
 0001:0001763C       LbClass.TLbSymmetricCipher.GenerateRandomKey
 0004:00000068       LbConst..1
 0001:00016DE8       LbConst.Finalization
 0002:00000474       LbConst.LbConst
 0004:00000060       LbProc..2
 0001:0001312C       LbProc..ECipherException
 0001:00013218       LbProc.BFEncryptFile
 0001:000132C0       LbProc.BFEncryptFileCBC
 0001:00013368       LbProc.BFEncryptStream
 0001:00013584       LbProc.BFEncryptStreamCBC
 0001:00013850       LbProc.DESEncryptFile
 0001:000138F8       LbProc.DESEncryptFileCBC
 0001:000139A0       LbProc.DESEncryptStream
 0001:00013BB0       LbProc.DESEncryptStreamCBC
 0001:00015AEC       LbProc.FileHashMD5
 0001:00015BC4       LbProc.FileHashSHA1
 0001:00015C9C       LbProc.Finalization
 0001:00013E78       LbProc.LBCEncryptFile
 0001:00013F24       LbProc.LBCEncryptFileCBC
 0001:00013FD0       LbProc.LBCEncryptStream
 0001:000141E4       LbProc.LBCEncryptStreamCBC
 0004:00000058       LbProc.LbOnProgress
 0002:00000450       LbProc.LbProc
 0004:0000005C       LbProc.LbProgressSize
 0001:000144AC       LbProc.LQCEncryptFile
 0001:00014554       LbProc.LQCEncryptFileCBC
 0001:000145FC       LbProc.LQCEncryptStream
 0001:000147F8       LbProc.LQCEncryptStreamCBC
 0001:00014AA0       LbProc.LSCEncryptFile
 0001:000154C8       LbProc.RDLEncryptFile
 0001:00015574       LbProc.RDLEncryptFileCBC
 0001:00015620       LbProc.RDLEncryptStream
 0001:00015834       LbProc.RDLEncryptStreamCBC
 0001:00014BFC       LbProc.RNG32EncryptFile
 0001:00014D4C       LbProc.RNG64EncryptFile
 0001:00015B48       LbProc.StreamHashMD5
 0001:00015C20       LbProc.StreamHashSHA1
 0001:00014EA0       LbProc.TripleDESEncryptFile
 0001:00014F48       LbProc.TripleDESEncryptFileCBC
 0001:00014FF0       LbProc.TripleDESEncryptStream
 0001:00015200       LbProc.TripleDESEncryptStreamCBC
 0004:00000064       LbString..1
 0001:000162F0       LbString.BFEncryptString
 0001:00016354       LbString.BFEncryptStringCBC
 0001:000161DC       LbString.BFEncryptStringCBCEx
 0001:000160C8       LbString.BFEncryptStringEx
 0001:000165E0       LbString.DESEncryptString
 0001:00016644       LbString.DESEncryptStringCBC
 0001:000164CC       LbString.DESEncryptStringCBCEx
 0001:000163B8       LbString.DESEncryptStringEx
 0001:00016CA0       LbString.Finalization
 0003:00003D60       LbString.Lb64Table
 0003:00003DE0       LbString.LbD64Table
 0001:00015CA4       LbString.LbDecodeBase64
 0001:00015E90       LbString.LbEncodeBase64
 0002:0000046C       LbString.LbString
 0001:00016BD0       LbString.RDLEncryptString
 0001:00016C38       LbString.RDLEncryptStringCBC
 0001:00016AB4       LbString.RDLEncryptStringCBCEx
 0001:00016998       LbString.RDLEncryptStringEx
 0001:000168D0       LbString.TripleDESEncryptString
 0001:00016934       LbString.TripleDESEncryptStringCBC
 0001:000167BC       LbString.TripleDESEncryptStringCBCEx
 0001:000166A8       LbString.TripleDESEncryptStringEx
 0004:00000050       LbUtils..1
 0001:0000EEA0       LbUtils.BufferToHex
 0001:0000F0E0       LbUtils.CompareBuffers
 0001:0000F134       LbUtils.Finalization
 0001:0000EF30       LbUtils.HexToBuffer
 0002:00000440       LbUtils.LbUtils
 0001:0000F0B4       LbUtils.Max
 0001:0000F088       LbUtils.Min
 0001:00000E58       SysInit...
 0003:00000034       SysInit...
 0001:00000F60       SysInit...
 0001:00000F50       SysInit...
 0001:00000E68       SysInit...
 0001:00000F2C       SysInit...
 0001:00000E78       SysInit...
 0001:00000F04       SysInit...
 0001:00000E88       SysInit...
 0001:00000E98       SysInit...
 0001:00000EA8       SysInit...
 0001:00000EBC       SysInit...
 0001:00000EEC       SysInit...
 0004:00000018       SysInit..1
 0001:0000092C       SysInit.@InitPkg
 0001:00000990       SysInit.@PackageLoad
 0001:0000099C       SysInit.@PackageUnload
 0001:0000040C       SysInit.@_dbkDummyProc
 0001:00000410       SysInit.@_dbkFCallArgs
 0001:00000800       SysInit.@_dbk_fcall_wrapper
 0001:000009A8       SysInit.@_delayLoadHelper2
 0001:00000C88       SysInit.@_FUnloadDelayLoadedDLL2
 0001:00000D98       SysInit.@_HrLoadAllImportsForDll
 0004:00000014       SysInit.@_pfnDliFailureHook2
 0004:00000010       SysInit.@_pfnDliNotifyHook2
 0001:000002FC       SysInit.AllocTlsBuffer
 0004:0000000C       SysInit.dbkFCallWrapperAddr
 0001:000003B8       SysInit.ExitProcessTLS
 0001:00000380       SysInit.ExitThreadTLS
 0001:00000F70       SysInit.Finalization
 0001:000002A4       SysInit.FreeLibrary
 0001:000002DC       SysInit.GetLastError
 0001:000002F4       SysInit.GetProcAddress
 0001:00000308       SysInit.GetTlsSize
 0004:00000004       SysInit.HInstance
 0001:000003DC       SysInit.InitializeModule
 0001:00000354       SysInit.InitProcessTLS
 0001:00000310       SysInit.InitThreadTLS
 0001:00000290       SysInit.InterlockedExchange
 0001:000002E4       SysInit.LoadLibraryA
 0001:000002AC       SysInit.LocalAlloc
 0001:000002B4       SysInit.LocalFree
 0003:00000008       SysInit.Module
 0004:00000000       SysInit.ModuleIsLib
 0004:00000001       SysInit.ModuleIsPackage
 0003:00000004       SysInit.PtrToNil
 0001:000002EC       SysInit.RaiseException
 0001:00000E50       SysInit.ShutdownDelayHelp2
 0002:00000008       SysInit.SysInit
 0001:000002BC       SysInit.TlsAlloc
 0004:0000001C       SysInit.tlsBuffer
 0001:000002C4       SysInit.TlsFree
 0001:000002CC       SysInit.TlsGetValue
 0003:00000000       SysInit.TlsIndex
 0005:00000000       SysInit.TlsLast
 0003:00000024       SysInit.TlsProc
 0001:000002D4       SysInit.TlsSetValue
 0001:000003E8       SysInit.UninitializeModule
 0004:FFED2000       SysInit.__ImageBase
 0001:00000058       System.@AbstractError
 0001:00000120       System.@AfterConstruction
 0001:00000068       System.@Append
 0001:00000070       System.@AssignText
 0001:00000128       System.@BeforeDestruction
 0001:000000D8       System.@CallDynaInst
 0001:00000110       System.@ClassCreate
 0001:00000118       System.@ClassDestroy
 0001:00000078       System.@Close
 0001:00000158       System.@DoneExcept
 0001:00000080       System.@FillChar
 0001:00000258       System.@FinalizeArray
 0001:00000010       System.@FreeMem
 0001:00000008       System.@GetMem
 0001:00000130       System.@HandleAnyException
 0001:00000140       System.@HandleFinally
 0001:00000138       System.@HandleOnException
 0001:00000198       System.@LStrArrayClr
 0001:000001D0       System.@LStrCat3
 0001:00000188       System.@LStrClr
 0001:000001D8       System.@LStrEqual
 0001:000001C8       System.@LStrFromPWChar
 0001:000001E8       System.@LStrFromUStr
 0001:000001E0       System.@LStrToPChar
 0001:00000168       System.@PackageLoad
 0001:00000170       System.@PackageUnload
 0001:00000150       System.@RaiseAgain
 0001:00000148       System.@RaiseExcept
 0001:00000060       System.@RewritText
 0001:00000178       System.@RunError
 0001:00000160       System.@TryFinallyExit
 0001:000001C0       System.@UniqueStringU
 0001:000001A0       System.@UStrAddRef
 0001:00000190       System.@UStrArrayClr
 0001:000001A8       System.@UStrAsg
 0001:00000218       System.@UStrCat
 0001:00000220       System.@UStrCat3
 0001:00000228       System.@UStrCatN
 0001:00000180       System.@UStrClr
 0001:00000238       System.@UStrCopy
 0001:00000240       System.@UStrDelete
 0001:00000230       System.@UStrEqual
 0001:00000208       System.@UStrFromLStr
 0001:00000200       System.@UStrFromPWChar
 0001:000001F8       System.@UStrFromWChar
 0001:00000248       System.@UStrInsert
 0001:000001B0       System.@UStrLAsg
 0001:000001B8       System.@UStrLen
 0001:00000210       System.@UStrSetLength
 0001:000001F0       System.@UStrToPWChar
 0001:00000088       System.@ValLong
 0001:00000090       System.@Write0UString
 0001:00000098       System.@WriteLn
 0001:00000260       System.@_lldiv
 0001:00000268       System.@_llmod
 0001:00000000       System.AllocMem
 0001:00000018       System.ExceptObject
 0001:00000288       System.Finalization
 0001:00000050       System.Frac
 0001:00000280       System.LoadResString
 0001:00000020       System.Move
 0001:00000028       System.ParamCount
 0001:00000030       System.ParamStr
 0001:00000250       System.Pos
 0001:00000040       System.Random
 0001:00000038       System.Randomize
 0001:00000270       System.RegisterModule
 0002:00000000       System.System
 0001:000000F8       System.TObject.AfterConstruction
 0001:00000100       System.TObject.BeforeDestruction
 0001:000000B0       System.TObject.Create
 0001:000000F0       System.TObject.DefaultHandler
 0001:000000B8       System.TObject.Destroy
 0001:00000108       System.TObject.Dispatch
 0001:000000C8       System.TObject.Equals
 0001:000000C0       System.TObject.Free
 0001:000000A8       System.TObject.FreeInstance
 0001:000000D0       System.TObject.GetHashCode
 0001:000000A0       System.TObject.NewInstance
 0001:000000E0       System.TObject.SafeCallException
 0001:000000E8       System.TObject.ToString
 0001:00000278       System.UnregisterModule
 0001:00000048       System.UpCase
 0001:0000459C       System.Actions.Finalization
 0002:000001F0       System.Actions.System.Actions
 0001:000038FC       System.AnsiStrings.Finalization
 0002:000001B8       System.AnsiStrings.System.AnsiStrings
 0001:00001344       System.Character.Finalization
 0002:00000030       System.Character.System.Character
 0001:0000181C       System.Classes.Finalization
 0002:000000D8       System.Classes.System.Classes
 0002:000000D0       System.Classes.TBaseAsyncResult.Create@
 0001:00001814       System.Classes.TBaseAsyncResult.Destroy@
 0002:000000B0       System.Classes.TBinaryWriter.Create@
 0001:000017FC       System.Classes.TBinaryWriter.Destroy@
 0001:000015E4       System.Classes.TCollection.Clear
 0001:00001734       System.Classes.TComponent.AsyncSchedule
 0001:0000173C       System.Classes.TComponent.BeforeDestruction
 0001:0000178C       System.Classes.TComponent.CanObserve
 0001:00001724       System.Classes.TComponent.Create
 0002:000000C0       System.Classes.TComponent.Create@
 0001:0000174C       System.Classes.TComponent.DefineProperties
 0001:0000172C       System.Classes.TComponent.Destroy
 0001:000015CC       System.Classes.TComponent.Destroy@
 0001:0000177C       System.Classes.TComponent.GetObservers
 0001:00001754       System.Classes.TComponent.Loaded
 0001:00001744       System.Classes.TComponent.Notification
 0001:00001794       System.Classes.TComponent.ObserverAdded
 0001:000017AC       System.Classes.TComponent.QueryInterface
 0001:0000175C       System.Classes.TComponent.ReadState
 0001:0000179C       System.Classes.TComponent.SafeCallException
 0001:00001774       System.Classes.TComponent.SetName
 0001:00001784       System.Classes.TComponent.UpdateAction
 0001:000017A4       System.Classes.TComponent.UpdateRegistry
 0001:0000176C       System.Classes.TComponent.ValidateRename
 0001:00001764       System.Classes.TComponent.WriteState
 0001:0000169C       System.Classes.TCustomMemoryStream.Read
 0001:000016A4       System.Classes.TCustomMemoryStream.Read
 0001:000016BC       System.Classes.TCustomMemoryStream.SaveToFile
 0001:000016B4       System.Classes.TCustomMemoryStream.SaveToStream
 0001:000016AC       System.Classes.TCustomMemoryStream.Seek
 0001:000017BC       System.Classes.TDataModule.AfterConstruction
 0001:000017CC       System.Classes.TDataModule.BeforeDestruction
 0001:000017B4       System.Classes.TDataModule.Create
 0001:000017C4       System.Classes.TDataModule.CreateNew
 0001:000017EC       System.Classes.TDataModule.DefineProperties
 0001:000017D4       System.Classes.TDataModule.Destroy
 0001:000017DC       System.Classes.TDataModule.DoCreate
 0001:000017E4       System.Classes.TDataModule.DoDestroy
 0001:000017F4       System.Classes.TDataModule.ReadState
 0001:0000168C       System.Classes.TFileStream.Create
 0001:00001694       System.Classes.TFileStream.Destroy
 0001:00001654       System.Classes.THandleStream.Read
 0001:0000165C       System.Classes.THandleStream.Read
 0001:00001674       System.Classes.THandleStream.Seek
 0001:00001684       System.Classes.THandleStream.SetSize
 0001:0000167C       System.Classes.THandleStream.SetSize
 0001:0000166C       System.Classes.THandleStream.Write
 0001:00001664       System.Classes.THandleStream.Write
 0002:000000C8       System.Classes.TLoginCredentialService.Create@
 0001:00001804       System.Classes.TLoginCredentialService.Destroy@
 0001:000016C4       System.Classes.TMemoryStream.Destroy
 0001:000016D4       System.Classes.TMemoryStream.LoadFromFile
 0001:000016CC       System.Classes.TMemoryStream.LoadFromStream
 0001:000016F4       System.Classes.TMemoryStream.Realloc
 0001:000016DC       System.Classes.TMemoryStream.SetCapacity
 0001:000016EC       System.Classes.TMemoryStream.SetSize
 0001:000016E4       System.Classes.TMemoryStream.SetSize
 0001:000016FC       System.Classes.TMemoryStream.Write
 0001:00001704       System.Classes.TMemoryStream.Write
 0002:000000A8       System.Classes.TObserverMapping.Create@
 0001:0000180C       System.Classes.TObserverMapping.Destroy@
 0001:000015D4       System.Classes.TPersistent.Assign
 0001:000015DC       System.Classes.TPersistent.AssignTo
 0001:0000164C       System.Classes.TStream.CopyFrom
 0001:00001614       System.Classes.TStream.GetPosition
 0001:00001624       System.Classes.TStream.GetSize
 0001:00001634       System.Classes.TStream.Read64
 0001:0000162C       System.Classes.TStream.Seek
 0001:0000161C       System.Classes.TStream.SetPosition
 0001:0000163C       System.Classes.TStream.Write64
 0001:00001644       System.Classes.TStream.WriteBuffer
 0001:0000160C       System.Classes.TStringList.Create
 0001:000015EC       System.Classes.TStrings.GetCommaText
 0001:000015F4       System.Classes.TStrings.GetValue
 0001:000015FC       System.Classes.TStrings.SetCommaText
 0001:00001604       System.Classes.TStrings.SetValue
 0001:0000170C       System.Classes.TStringStream.Create
 0001:00001714       System.Classes.TStringStream.GetDataString
 0002:000000B8       System.Classes.TThread.Create@
 0001:0000171C       System.Classes.TThread.Destroy@
 0001:0000183C       System.DateUtils.DaysBetween
 0001:0000184C       System.DateUtils.Finalization
 0002:000000F0       System.DateUtils.System.DateUtils
 0001:00001834       System.DateUtils.Today
 0002:000000E8       System.DateUtils.TTimeZone.Create@
 0001:00001844       System.DateUtils.TTimeZone.Destroy@
 0002:000000A0       System.Generics.Defaults.TIStringComparer.Create@
 0001:000015C4       System.Generics.Defaults.TIStringComparer.Destroy@
 0002:00000098       System.Generics.Defaults.TStringComparer.Create@
 0001:000015BC       System.Generics.Defaults.TStringComparer.Destroy@
 0001:000045AC       System.HelpIntfs.Finalization
 0002:00000200       System.HelpIntfs.System.HelpIntfs
 0001:0000185C       System.IniFiles.TCustomIniFile.Create
 0001:00001864       System.IniFiles.TMemIniFile.Create
 0001:0000186C       System.IniFiles.TMemIniFile.GetStrings
 0001:00001874       System.IniFiles.TMemIniFile.SetStrings
 0001:0000134C       System.Internal.ExcUtils.Finalization
 0002:00000038       System.Internal.ExcUtils.System.Internal.ExcUtils
 0002:000000F8       System.IOUtils.TPath.Create@
 0001:00001854       System.IOUtils.TPath.Destroy@
 0001:00003180       System.JSON.Finalization
 0002:00000128       System.JSON.System.JSON
 0001:000031A0       System.JSON.Readers.Finalization
 0002:00000148       System.JSON.Readers.System.JSON.Readers
 0001:00003188       System.JSON.Types.Finalization
 0002:00000130       System.JSON.Types.System.JSON.Types
 0002:00000140       System.JSON.Utils.TJsonTextUtils.Create@
 0001:00003198       System.JSON.Utils.TJsonTextUtils.Destroy@
 0002:00000150       System.JSON.Writers.TJsonWriter.Create@
 0001:000031A8       System.JSON.Writers.TJsonWriter.Destroy@
 0001:0000159C       System.Math.Finalization
 0001:00001594       System.Math.IfThen
 0001:0000158C       System.Math.IfThen
 0001:00001584       System.Math.Power
 0001:0000157C       System.Math.RoundTo
 0002:00000078       System.Math.System.Math
 0002:00000138       System.NetEncoding.TNetEncoding.Create@
 0001:00003190       System.NetEncoding.TNetEncoding.Destroy@
 0001:000015AC       System.Rtti.Finalization
 0002:00000088       System.Rtti.System.Rtti
 0002:00000080       System.Rtti.TRttiContext.Create@
 0001:000015A4       System.Rtti.TRttiContext.Destroy@
 0001:00001824       System.StrUtils.IfThen
 0001:00003178       System.SyncObjs.Finalization
 0002:00000120       System.SyncObjs.System.SyncObjs
 0001:000013FC       System.SysUtils.Date
 0001:0000141C       System.SysUtils.DateToStr
 0001:000013F4       System.SysUtils.DayOfWeek
 0001:000013AC       System.SysUtils.DeleteFile
 0001:000013A4       System.SysUtils.DirectoryExists
 0001:00001434       System.SysUtils.Exception.Create
 0002:00000050       System.SysUtils.Exception.Create@
 0001:0000143C       System.SysUtils.Exception.Destroy
 0001:0000145C       System.SysUtils.Exception.Destroy@
 0001:00001444       System.SysUtils.Exception.GetBaseException
 0001:0000144C       System.SysUtils.Exception.RaisingException
 0001:00001454       System.SysUtils.Exception.ToString
 0001:000013CC       System.SysUtils.ExpandFileName
 0001:000013BC       System.SysUtils.ExtractFileDir
 0001:000013C4       System.SysUtils.ExtractFileName
 0001:000013B4       System.SysUtils.ExtractFilePath
 0001:0000139C       System.SysUtils.FileExists
 0001:00001494       System.SysUtils.Finalization
 0001:000013DC       System.SysUtils.FloatToStr
 0001:000013D4       System.SysUtils.Format
 0001:00001424       System.SysUtils.FormatDateTime
 0001:000013E4       System.SysUtils.FormatFloat
 0001:00001474       System.SysUtils.FreeAndNil
 0001:00001464       System.SysUtils.IncludeTrailingPathDelimiter
 0001:00001414       System.SysUtils.IncMonth
 0001:00001384       System.SysUtils.IntToHex
 0001:0000137C       System.SysUtils.IntToStr
 0001:00001374       System.SysUtils.IntToStr
 0001:0000140C       System.SysUtils.Now
 0001:0000136C       System.SysUtils.QuotedStr
 0001:00001484       System.SysUtils.SafeLoadLibrary
 0001:0000146C       System.SysUtils.StringReplace
 0001:0000142C       System.SysUtils.StrToDate
 0001:000013EC       System.SysUtils.StrToFloat
 0001:0000138C       System.SysUtils.StrToInt
 0001:00001394       System.SysUtils.StrToIntDef
 0002:00000060       System.SysUtils.System.SysUtils
 0002:00000048       System.SysUtils.TEncoding.Create@
 0001:0000148C       System.SysUtils.TEncoding.Destroy@
 0001:00001404       System.SysUtils.Time
 0002:00000040       System.SysUtils.TLanguages.Create@
 0001:0000147C       System.SysUtils.TLanguages.Destroy@
 0002:00000058       System.SysUtils.TOSVersion.Create@
 0001:00001354       System.SysUtils.TOSVersion.Destroy@
 0001:00001364       System.SysUtils.Trim
 0001:0000135C       System.SysUtils.UpperCase
 0002:000000E0       System.TimeSpan.TTimeSpan.Create@
 0001:0000182C       System.TimeSpan.TTimeSpan.Destroy@
 0001:000015B4       System.TypInfo.Finalization
 0002:00000090       System.TypInfo.System.TypInfo
 0001:000014E4       System.Variants.@OleVarFromInt
 0001:0000150C       System.Variants.@OleVarFromUStr
 0001:00001514       System.Variants.@OleVarFromVar
 0001:0000151C       System.Variants.@VarAddRef
 0001:00001534       System.Variants.@VarArrayGet
 0001:0000153C       System.Variants.@VarArrayPut
 0001:000014A4       System.Variants.@VarClr
 0001:0000155C       System.Variants.@VarCmpEQ
 0001:0000156C       System.Variants.@VarCmpGT
 0001:00001564       System.Variants.@VarCmpNE
 0001:000014AC       System.Variants.@VarCopy
 0001:000014EC       System.Variants.@VarFromBool
 0001:000014DC       System.Variants.@VarFromInt
 0001:000014F4       System.Variants.@VarFromReal
 0001:000014FC       System.Variants.@VarFromTDateTime
 0001:00001504       System.Variants.@VarFromUStr
 0001:00001554       System.Variants.@VarSub
 0001:000014C4       System.Variants.@VarToBool
 0001:000014BC       System.Variants.@VarToInt64
 0001:000014B4       System.Variants.@VarToInteger
 0001:000014CC       System.Variants.@VarToReal
 0001:000014D4       System.Variants.@VarToUStr
 0001:0000154C       System.Variants.EmptyParam
 0001:00001574       System.Variants.Finalization
 0001:00001544       System.Variants.Null
 0002:00000070       System.Variants.System.Variants
 0001:00001524       System.Variants.VarArrayCreate
 0001:0000152C       System.Variants.VarArrayOf
 0001:0000149C       System.VarUtils.Finalization
 0002:00000068       System.VarUtils.System.VarUtils
 0001:0000390C       System.Win.ComObj.Finalization
 0002:000001C8       System.Win.ComObj.System.Win.ComObj
 0002:000001C0       System.Win.ComObj.TComServerObject.Create@
 0001:00003904       System.Win.ComObj.TComServerObject.Destroy@
 0002:00000160       System.Win.Registry.TRegistry.Create@
 0001:000031B8       System.Win.Registry.TRegistry.Destroy@
 0004:0000004C       uAtualizacao..2
 0001:00005CD8       uAtualizacao..TAtualizacao
 0001:00008F24       uAtualizacao.CriarCampoCAS
 0001:00008FB0       uAtualizacao.ExcluirRegistrosEspeciais
 0001:0000EE90       uAtualizacao.Finalization
 0001:0000898C       uAtualizacao.GravaDataHoraAtu
 0001:0000B338       uAtualizacao.GravaDataHoraExc
 0001:000074C8       uAtualizacao.GravaRegistro
 0001:00006204       uAtualizacao.LerConfiguracaoIntegrador
 0001:0000A2BC       uAtualizacao.TAtualizacao.AtualizarTabela
 0001:000068A0       uAtualizacao.TAtualizacao.CarregarInfoConfig
 0001:00006440       uAtualizacao.TAtualizacao.Create
 0001:0000AFCC       uAtualizacao.TAtualizacao.CriarCampoCaseASensitive
 0001:0000682C       uAtualizacao.TAtualizacao.Destroy
 0001:0000B944       uAtualizacao.TAtualizacao.ExcluirRegistrosTabela
 0001:0000A8CC       uAtualizacao.TAtualizacao.GravaDataHotaAtualizacao
 0001:0000B010       uAtualizacao.TAtualizacao.GravarLog
 0001:0000B16C       uAtualizacao.TAtualizacao.GravarRegistroFOR
 0001:0000B1BC       uAtualizacao.TAtualizacao.GravaVersaoPub
 0001:0000B160       uAtualizacao.TAtualizacao.IniciarAtualizacao
 0001:0000B27C       uAtualizacao.TAtualizacao.LerVersaoPub
 0001:000069DC       uAtualizacao.TAtualizacao.RegistroExiste
 0001:00006E1C       uAtualizacao.TAtualizacao.RetornarID_Estado
 0001:00006FF4       uAtualizacao.TAtualizacao.RetornarID_PapelId
 0001:00007264       uAtualizacao.TAtualizacao.RetornarID_TpIdentificacao
 0001:00006C90       uAtualizacao.TAtualizacao.RetornarNewID
 0001:0000A7BC       uAtualizacao.TAtualizacao.RetornoValido
 0002:00000430       uAtualizacao.uAtualizacao
 0004:00000070       uAtualizacaoLM..2
 0001:0001BD50       uAtualizacaoLM..TAtualizacaoLM
 0001:00026138       uAtualizacaoLM.AlterarTabelaReducaoICMS
 0001:0002AC9C       uAtualizacaoLM.AssinaturaProduto
 0001:0002AB14       uAtualizacaoLM.ByteArrayToStr
 0001:000352F4       uAtualizacaoLM.CriarCampoCaseASensitiveProdServ
 0001:00026414       uAtualizacaoLM.ExcluirTabelaReducaoICMS
 0001:00034EA8       uAtualizacaoLM.ExcluirTributacoesOld
 0001:0003EF00       uAtualizacaoLM.Finalization
 0001:0002ABCC       uAtualizacaoLM.GeraMD5String
 0001:00030FD0       uAtualizacaoLM.GravaProdutosServicos
 0001:0001FEB8       uAtualizacaoLM.GravarDados
 0001:0002F784       uAtualizacaoLM.GravaTributacaoProduto
 0003:00003E3C       uAtualizacaoLM.HexChars
 0001:00025CC8       uAtualizacaoLM.IncluirTabelaReducaoICMS
 0001:000249EC       uAtualizacaoLM.IncluirTipoAliquota
 0001:0001FC48       uAtualizacaoLM.ParamExiste
 0001:0003A20C       uAtualizacaoLM.RegistroExisteAlmox
 0001:0002D110       uAtualizacaoLM.RegistroExisteCodAlt
 0001:00038B08       uAtualizacaoLM.RegistroExisteLote
 0001:00024C60       uAtualizacaoLM.RetornarAliqICMSUFExiste
 0001:0002A4E8       uAtualizacaoLM.RetornarIDFListaProdServ
 0001:00030B20       uAtualizacaoLM.RetornarIDFProdServ
 0001:0003C918       uAtualizacaoLM.RetornarIDSaldoProduto
 0001:00026720       uAtualizacaoLM.RetornarIDTabReducaoICMS
 0001:00026670       uAtualizacaoLM.RetornarIDTributacaoEstadual
 0001:00030D38       uAtualizacaoLM.RetornarIDTribXProd
 0001:00028AB8       uAtualizacaoLM.RetornarID_Cond
 0001:0001C8D4       uAtualizacaoLM.RetornarID_Empresa
 0001:0001CAB0       uAtualizacaoLM.RetornarID_Filial
 0001:0001EC6C       uAtualizacaoLM.RetornarID_Grupo
 0001:0001FD14       uAtualizacaoLM.RetornarID_IndFin
 0001:00026BD0       uAtualizacaoLM.RetornarID_Indice
 0001:0001E8D0       uAtualizacaoLM.RetornarID_PapGrac
 0001:0001EA84       uAtualizacaoLM.RetornarID_Usua
 0001:0001D628       uAtualizacaoLM.RetornarPriori
 0001:000248C8       uAtualizacaoLM.RetornarTemTipoAliquota
 0001:0002E620       uAtualizacaoLM.RetornarTribProdExiste
 0001:0002F508       uAtualizacaoLM.RetornarTribServExiste
 0001:00024BA4       uAtualizacaoLM.RetornarTribUFExiste
 0001:0001EE4C       uAtualizacaoLM.StringInversa
 0001:0003521C       uAtualizacaoLM.TabelaVazia
 0001:00038144       uAtualizacaoLM.TabelaVazia
 0001:00036BC4       uAtualizacaoLM.TAtualizacaoLM.AtualizarTabela
 0001:000384A0       uAtualizacaoLM.TAtualizacaoLM.Create
 0001:00038248       uAtualizacaoLM.TAtualizacaoLM.CriarCampoCaseASensitive
 0001:0003976C       uAtualizacaoLM.TAtualizacaoLM.Destroy
 0001:0001C674       uAtualizacaoLM.TAtualizacaoLM.GetEmpresa
 0001:0001C7A4       uAtualizacaoLM.TAtualizacaoLM.GetFilial
 0001:0001CA80       uAtualizacaoLM.TAtualizacaoLM.GetIDEmpresa
 0001:0001CC58       uAtualizacaoLM.TAtualizacaoLM.GetIDFilial
 0001:00039CC0       uAtualizacaoLM.TAtualizacaoLM.GravaAlmoxarifado
 0001:0003A518       uAtualizacaoLM.TAtualizacaoLM.GravaAlmoxProd
 0001:0003C6A8       uAtualizacaoLM.TAtualizacaoLM.GravaAlmoxProdEspecial
 0001:00022720       uAtualizacaoLM.TAtualizacaoLM.GravaCliente
 0001:0002D3CC       uAtualizacaoLM.TAtualizacaoLM.GravaCodAlternativo
 0001:00037DC0       uAtualizacaoLM.TAtualizacaoLM.GravaCodAlternativoEspecial
 0001:00027830       uAtualizacaoLM.TAtualizacaoLM.GravaCondicaoParcelamento
 0001:000215A8       uAtualizacaoLM.TAtualizacaoLM.GravaConfiguracaoEspecial
 0001:0002DA84       uAtualizacaoLM.TAtualizacaoLM.GravaContasCartao
 0001:0001CC88       uAtualizacaoLM.TAtualizacaoLM.GravaEmpresa
 0001:0001D6C8       uAtualizacaoLM.TAtualizacaoLM.GravaFilial
 0001:00026DC8       uAtualizacaoLM.TAtualizacaoLM.GravaIndiceFinanceiro
 0001:00029EFC       uAtualizacaoLM.TAtualizacaoLM.GravaListaPreco
 0001:00038DDC       uAtualizacaoLM.TAtualizacaoLM.GravaLote
 0001:00037F9C       uAtualizacaoLM.TAtualizacaoLM.GravaLoteEspecial
 0001:00028CB0       uAtualizacaoLM.TAtualizacaoLM.GravaParcelamentoFixado
 0001:0002BF6C       uAtualizacaoLM.TAtualizacaoLM.GravaPreco
 0001:00035620       uAtualizacaoLM.TAtualizacaoLM.GravaProdutoEspecial
 0001:00023E8C       uAtualizacaoLM.TAtualizacaoLM.GravaRepresentante
 0001:00039A6C       uAtualizacaoLM.TAtualizacaoLM.GravarRegistroFOR
 0001:0003DDF8       uAtualizacaoLM.TAtualizacaoLM.GravaSaldoProdEspecial
 0001:0003CDF0       uAtualizacaoLM.TAtualizacaoLM.GravaSaldoProduto
 0001:0002956C       uAtualizacaoLM.TAtualizacaoLM.GravaTabelaPreco
 0001:00026814       uAtualizacaoLM.TAtualizacaoLM.GravaTabelaReducaoICMS
 0001:00024CD8       uAtualizacaoLM.TAtualizacaoLM.GravaTributacaoEstadual
 0001:0003BE40       uAtualizacaoLM.TAtualizacaoLM.GravaUnConvProd
 0001:0003AF58       uAtualizacaoLM.TAtualizacaoLM.GravaUnidade
 0001:0003B370       uAtualizacaoLM.TAtualizacaoLM.GravaUnProd
 0001:0001EF00       uAtualizacaoLM.TAtualizacaoLM.GravaUsuario
 0001:0003E71C       uAtualizacaoLM.TAtualizacaoLM.RetornarConfigEstoqueNegativo
 0001:0003E384       uAtualizacaoLM.TAtualizacaoLM.RetornarIDAlmoxProdPAF
 0001:0003EBE8       uAtualizacaoLM.TAtualizacaoLM.RetornarIDLotePAF
 0001:0002E208       uAtualizacaoLM.TAtualizacaoLM.RetornarIDTipoALiquota
 0001:0003E9D8       uAtualizacaoLM.TAtualizacaoLM.RetornarIDUnidadePAF
 0001:0003E058       uAtualizacaoLM.TAtualizacaoLM.RetornarIDUnProdPAF
 0002:00000484       uAtualizacaoLM.uAtualizacaoLM
 0004:00000084       uAtualizacaoM3..2
 0001:00046E88       uAtualizacaoM3..TAtualizacaoM3
 0001:0007A8C8       uAtualizacaoM3.AlterarTabelaReducaoICMS
 0001:00069CAC       uAtualizacaoM3.AssinaturaProduto
 0001:00078CD8       uAtualizacaoM3.ByteArrayToStr
 0001:0007ABA4       uAtualizacaoM3.ExcluirTabelaReducaoICMS
 0001:00051EC0       uAtualizacaoM3.ExisteSerie
 0001:0007BA04       uAtualizacaoM3.Finalization
 0001:0004DB80       uAtualizacaoM3.GravarDados
 0003:00003E5C       uAtualizacaoM3.HexChars
 0001:00052024       uAtualizacaoM3.InativarSeries
 0001:0007A404       uAtualizacaoM3.IncluirTabelaReducaoICMS
 0001:00075CF4       uAtualizacaoM3.IsolarLista
 0001:000765BC       uAtualizacaoM3.IsolarListaPadrao
 0001:00075F48       uAtualizacaoM3.IsolarListaPelaTabela
 0001:00066BA4       uAtualizacaoM3.ListaExiste
 0001:0004DA58       uAtualizacaoM3.ParamExiste
 0001:000760D0       uAtualizacaoM3.ReferenciarTabelas
 0001:0004C220       uAtualizacaoM3.RetornaFilial
 0001:000604A4       uAtualizacaoM3.RetornarCodigoNomeProdServ
 0001:00069964       uAtualizacaoM3.RetornarIDFListaProdServ
 0001:0007AE0C       uAtualizacaoM3.RetornarIDTabReducaoICMS
 0001:0007B288       uAtualizacaoM3.RetornarID_Empresa
 0001:000781EC       uAtualizacaoM3.RetornarID_Filial
 0001:0004C06C       uAtualizacaoM3.RetornarID_PapGrac
 0001:0006B730       uAtualizacaoM3.RetornarListaPrecoPadrao
 0001:00065D20       uAtualizacaoM3.TabelaExiste
 0001:0007B3BC       uAtualizacaoM3.TAtualizacaoM3.AbrirCDSEstProd
 0001:000722CC       uAtualizacaoM3.TAtualizacaoM3.AbrirCDSListaProd
 0001:000723E8       uAtualizacaoM3.TAtualizacaoM3.AbrirCDSListaServ
 0001:00071E74       uAtualizacaoM3.TAtualizacaoM3.AbrirCDSProdutos
 0001:00072160       uAtualizacaoM3.TAtualizacaoM3.AbrirCDSServicos
 0001:000784F4       uAtualizacaoM3.TAtualizacaoM3.AtualizarMD5Tabela
 0001:0007671C       uAtualizacaoM3.TAtualizacaoM3.AtualizarTabelasPrecoXLista
 0001:00071598       uAtualizacaoM3.TAtualizacaoM3.Create
 0001:00071BE4       uAtualizacaoM3.TAtualizacaoM3.Destroy
 0001:00047710       uAtualizacaoM3.TAtualizacaoM3.FiltrarCaracteres
 0001:00078D90       uAtualizacaoM3.TAtualizacaoM3.GeraMD5String
 0001:000783C4       uAtualizacaoM3.TAtualizacaoM3.GetFilial
 0001:0007B38C       uAtualizacaoM3.TAtualizacaoM3.GetIDEmpresa
 0001:00078394       uAtualizacaoM3.TAtualizacaoM3.GetIDFilial
 0001:000743E0       uAtualizacaoM3.TAtualizacaoM3.GravaAlmoxarifado
 0001:000731C8       uAtualizacaoM3.TAtualizacaoM3.GravaAlmoxProd
 0001:00078E68       uAtualizacaoM3.TAtualizacaoM3.GravaCadastroCaixas
 0001:000569F8       uAtualizacaoM3.TAtualizacaoM3.GravaCliente
 0001:0006C5B0       uAtualizacaoM3.TAtualizacaoM3.GravaCodAlternativo
 0001:00063D5C       uAtualizacaoM3.TAtualizacaoM3.GravaCondicaoParcelamento
 0001:000520BC       uAtualizacaoM3.TAtualizacaoM3.GravaConfiguracao
 0001:0006ECD4       uAtualizacaoM3.TAtualizacaoM3.GravaContaConvenio
 0001:0006CE44       uAtualizacaoM3.TAtualizacaoM3.GravaContasCaixa
 0001:0006D570       uAtualizacaoM3.TAtualizacaoM3.GravaContasCartao
 0001:00070AD0       uAtualizacaoM3.TAtualizacaoM3.GravaConveniado
 0001:0006F630       uAtualizacaoM3.TAtualizacaoM3.GravaConvenio
 0001:00047B2C       uAtualizacaoM3.TAtualizacaoM3.GravaEmpresa
 0001:000489E4       uAtualizacaoM3.TAtualizacaoM3.GravaFilial
 0001:00063304       uAtualizacaoM3.TAtualizacaoM3.GravaIndiceCotacoes
 0001:00062DF4       uAtualizacaoM3.TAtualizacaoM3.GravaIndiceFinanceiro
 0001:0007680C       uAtualizacaoM3.TAtualizacaoM3.GravaInfAuxCli
 0001:00068D6C       uAtualizacaoM3.TAtualizacaoM3.GravaLista
 0001:00066D94       uAtualizacaoM3.TAtualizacaoM3.GravaListaPreco
 0001:000677B8       uAtualizacaoM3.TAtualizacaoM3.GravaListaPrecoCliente
 0001:00068294       uAtualizacaoM3.TAtualizacaoM3.GravaListaPrecoFilial
 0001:000696F8       uAtualizacaoM3.TAtualizacaoM3.GravaListaPrecoProdServ
 0001:00072504       uAtualizacaoM3.TAtualizacaoM3.GravaLote
 0001:00065294       uAtualizacaoM3.TAtualizacaoM3.GravaParcelamentoFixado
 0001:0006B848       uAtualizacaoM3.TAtualizacaoM3.GravaPreco
 0001:00059A98       uAtualizacaoM3.TAtualizacaoM3.GravaProduto
 0001:00058E28       uAtualizacaoM3.TAtualizacaoM3.GravaRepresentante
 0001:00077584       uAtualizacaoM3.TAtualizacaoM3.GravaSaldoProduto
 0001:0005BCB4       uAtualizacaoM3.TAtualizacaoM3.GravaServico
 0001:00065F08       uAtualizacaoM3.TAtualizacaoM3.GravaTabelaPreco
 0001:0007AF50       uAtualizacaoM3.TAtualizacaoM3.GravaTabelaReducaoICMS
 0001:0006E4A4       uAtualizacaoM3.TAtualizacaoM3.GravaTaxasContaCartao
 0001:0005CC1C       uAtualizacaoM3.TAtualizacaoM3.GravaTipoAliquotaICMS
 0001:00079D54       uAtualizacaoM3.TAtualizacaoM3.GravaTipoMovCaixas
 0001:0005CF50       uAtualizacaoM3.TAtualizacaoM3.GravaTributacaoEstadual
 0001:0006085C       uAtualizacaoM3.TAtualizacaoM3.GravaTributacaoFamProd
 0001:00062324       uAtualizacaoM3.TAtualizacaoM3.GravaTributacaoFamServ
 0001:0005E01C       uAtualizacaoM3.TAtualizacaoM3.GravaTributacaoProduto
 0001:00061B54       uAtualizacaoM3.TAtualizacaoM3.GravaTributacaoServico
 0001:000751E0       uAtualizacaoM3.TAtualizacaoM3.GravaUnConvProd
 0001:00074950       uAtualizacaoM3.TAtualizacaoM3.GravaUnidade
 0001:000739BC       uAtualizacaoM3.TAtualizacaoM3.GravaUnProd
 0001:0004C340       uAtualizacaoM3.TAtualizacaoM3.GravaUsuario
 0001:0007225C       uAtualizacaoM3.TAtualizacaoM3.IniciarAtualizacao
 0001:00047808       uAtualizacaoM3.TAtualizacaoM3.RetornarIDFProdServ
 0001:00078990       uAtualizacaoM3.TAtualizacaoM3.VerificarMD5Tabela
 0001:00060694       uAtualizacaoM3.TribProdVigente
 0002:000004B4       uAtualizacaoM3.uAtualizacaoM3
 0004:00000048       uConfigMPDV..2
 0001:00004DF0       uConfigMPDV..TConfigMPDV
 0001:000050A0       uConfigMPDV.Criptografa
 0001:000052B8       uConfigMPDV.Descriptografa
 0001:00005CD0       uConfigMPDV.Finalization
 0001:00005AA8       uConfigMPDV.TConfigMPDV.AplicarAlteracoes
 0001:000055BC       uConfigMPDV.TConfigMPDV.Create
 0001:00005780       uConfigMPDV.TConfigMPDV.Destroy
 0001:00005C20       uConfigMPDV.TConfigMPDV.ExcluirConfiguracao
 0001:000057C8       uConfigMPDV.TConfigMPDV.GetAppPath
 0001:00005858       uConfigMPDV.TConfigMPDV.GetFileName
 0001:00005918       uConfigMPDV.TConfigMPDV.LerConfiguracao
 0001:000059E4       uConfigMPDV.TConfigMPDV.SetConfiguracao
 0002:00000428       uConfigMPDV.uConfigMPDV
 0004:0000003C       uConstTab..1
 0001:00004584       uConstTab.Finalization
 0001:00003974       uConstTab.NomeTabela
 0002:000001D8       uConstTab.uConstTab
 0004:00000038       uDM..2
 0001:00003270       uDM..TBase
 0004:00000034       uDM.Base
 0001:000038F4       uDM.Finalization
 0001:0000363C       uDM.TBase.CommitTransactionDB
 0001:00003658       uDM.TBase.CommitTransactionDBRet
 0001:00003828       uDM.TBase.ConexaoAfterConnect
 0001:000038D4       uDM.TBase.DataModuleDestroy
 0001:00003678       uDM.TBase.RollbackTransactionDB
 0001:00003694       uDM.TBase.RollbackTransactionDBRet
 0001:000036B4       uDM.TBase.StartTransactionDB
 0001:000036E0       uDM.TBase.StartTransactionDBRet
 0001:00003718       uDM.TestaPresencaParamStr
 0002:000001B0       uDM.uDM
 0004:00000074       uExportacao..2
 0001:0003EF08       uExportacao..TExportacao
 0001:0003F894       uExportacao.Finalization
 0001:0003F7A0       uExportacao.TExportacao.AtualizarCOODocumento
 0001:0003F7A8       uExportacao.TExportacao.AtualizarDadosNFeNFCe
 0001:0003F7C0       uExportacao.TExportacao.Create
 0001:0003F858       uExportacao.TExportacao.Destroy
 0001:0003F788       uExportacao.TExportacao.ExportarDocumentosCAIXA
 0001:0003F770       uExportacao.TExportacao.ExportarDocumentosCupomFiscal
 0001:0003F778       uExportacao.TExportacao.ExportarDocumentosNotaFiscal
 0001:0003F798       uExportacao.TExportacao.ExportarDocumentosPre_Vendas
 0001:0003F780       uExportacao.TExportacao.ExportarDocumentosRecebimento
 0001:0003F790       uExportacao.TExportacao.ExportarReducoesZ
 0001:0003F7B0       uExportacao.TExportacao.IniciarExportacao
 0001:0003F7B8       uExportacao.TExportacao.TerminarExportacao
 0002:0000048C       uExportacao.uExportacao
 0004:00000078       uExportacaoLM..2
 0001:0003F978       uExportacaoLM..TExportacaoLM
 0001:0004020C       uExportacaoLM.CarregarDLL
 0001:00043454       uExportacaoLM.Finalization
 0001:00040424       uExportacaoLM.LerConfiguracao
 0001:00042E34       uExportacaoLM.TExportacaoLM.AtualizarCOODocumento
 0001:000433F8       uExportacaoLM.TExportacaoLM.AtualizarDadosNFeNFCe
 0001:00040634       uExportacaoLM.TExportacaoLM.Conectar
 0001:00040310       uExportacaoLM.TExportacaoLM.Create
 0001:000403F0       uExportacaoLM.TExportacaoLM.Destroy
 0001:000423BC       uExportacaoLM.TExportacaoLM.ExportarDocumentosCAIXA
 0001:000407A8       uExportacaoLM.TExportacaoLM.ExportarDocumentosCupomFiscal
 0001:00041898       uExportacaoLM.TExportacaoLM.ExportarDocumentosNotaFiscal
 0001:000432FC       uExportacaoLM.TExportacaoLM.ExportarDocumentosPre_Vendas
 0001:000422D8       uExportacaoLM.TExportacaoLM.ExportarDocumentosRecebimento
 0001:000411E8       uExportacaoLM.TExportacaoLM.ExportarReducoesZ
 0001:00040788       uExportacaoLM.TExportacaoLM.IniciarExportacao
 0001:0004079C       uExportacaoLM.TExportacaoLM.TerminarExportacao
 0002:0000049C       uExportacaoLM.uExportacaoLM
 0004:0000009C       uExportacaoM3..2
 0001:00123340       uExportacaoM3..TExportacaoM3
 0001:00123C2C       uExportacaoM3.CarregarDLL
 0001:00127168       uExportacaoM3.Finalization
 0001:00123F0C       uExportacaoM3.LerConfiguracao
 0001:001262F8       uExportacaoM3.TExportacaoM3.AtualizarCOODocumento
 0001:00127064       uExportacaoM3.TExportacaoM3.AtualizarDadosNFeNFCe
 0001:00123DEC       uExportacaoM3.TExportacaoM3.Create
 0001:00123ED8       uExportacaoM3.TExportacaoM3.Destroy
 0001:001261E4       uExportacaoM3.TExportacaoM3.ExportarDocumentosCAIXA
 0001:00124510       uExportacaoM3.TExportacaoM3.ExportarDocumentosCupomFiscal
 0001:00124F88       uExportacaoM3.TExportacaoM3.ExportarDocumentosNotaFiscal
 0001:001266FC       uExportacaoM3.TExportacaoM3.ExportarDocumentosPre_Vendas
 0001:00125914       uExportacaoM3.TExportacaoM3.ExportarDocumentosRecebimento
 0001:00124E18       uExportacaoM3.TExportacaoM3.ExportarReducoesZ
 0001:001242B8       uExportacaoM3.TExportacaoM3.GetConexao
 0001:001244D4       uExportacaoM3.TExportacaoM3.IniciarExportacao
 0001:001244E8       uExportacaoM3.TExportacaoM3.TerminarExportacao
 0002:000004E4       uExportacaoM3.uExportacaoM3
 0001:0004345C       uhbClientDataSet.ThbClientDataSet.Create
 0004:0000007C       uImportacao..2
 0001:00043464       uImportacao..TImportacao
 0001:00044008       uImportacao.Finalization
 0001:00043824       uImportacao.TImportacao.CarregarInfoConfig
 0001:00043960       uImportacao.TImportacao.Create
 0001:00043C44       uImportacao.TImportacao.Destroy
 0001:00043814       uImportacao.TImportacao.IniciarImportacao
 0001:0004380C       uImportacao.TImportacao.RetornarDadosTabela
 0001:00043C8C       uImportacao.TImportacao.RetornarDataHora
 0001:00043E6C       uImportacao.TImportacao.RetornarID_RegistroUltAtu
 0001:0004381C       uImportacao.TImportacao.TerminarImportacao
 0002:000004A4       uImportacao.uImportacao
 0004:00000080       uImportacaoLM..2
 0001:000440E4       uImportacaoLM..TImportacaoLM
 0001:0004435C       uImportacaoLM.CarregarDLL
 0001:00046E80       uImportacaoLM.Finalization
 0001:000467F0       uImportacaoLM.LerConfiguracao
 0001:00046A00       uImportacaoLM.TImportacaoLM.Conectar
 0001:00044460       uImportacaoLM.TImportacaoLM.Create
 0001:0004451C       uImportacaoLM.TImportacaoLM.Destroy
 0001:00044550       uImportacaoLM.TImportacaoLM.GetEmpresa
 0001:00044680       uImportacaoLM.TImportacaoLM.GetFilial
 0001:000447B0       uImportacaoLM.TImportacaoLM.GetIdentificacao
 0001:000448EC       uImportacaoLM.TImportacaoLM.IniciarImportacao
 0001:00046B54       uImportacaoLM.TImportacaoLM.RetornarConfigEstoqueNegativo
 0001:00044914       uImportacaoLM.TImportacaoLM.RetornarDadosTabela
 0001:00044908       uImportacaoLM.TImportacaoLM.TerminarImportacao
 0002:000004AC       uImportacaoLM.uImportacaoLM
 0004:00000088       uImportacaoM3..2
 0001:0007BBF0       uImportacaoM3..TImportacaoM3
 0001:0007BF4C       uImportacaoM3.CarregarDLL
 0001:00080D0C       uImportacaoM3.Finalization
 0001:000805D0       uImportacaoM3.LerConfiguracao
 0001:0007C208       uImportacaoM3.LerConfiguracao
 0001:0007C10C       uImportacaoM3.TImportacaoM3.Create
 0001:0007C1D4       uImportacaoM3.TImportacaoM3.Destroy
 0001:0007C584       uImportacaoM3.TImportacaoM3.GetConexao
 0001:00080860       uImportacaoM3.TImportacaoM3.GetConexaoTemp
 0001:0007C7A0       uImportacaoM3.TImportacaoM3.GetEmpresa
 0001:0007C8D0       uImportacaoM3.TImportacaoM3.GetFilial
 0001:0007CA04       uImportacaoM3.TImportacaoM3.GetIdentificacao
 0001:0007CB40       uImportacaoM3.TImportacaoM3.IniciarImportacao
 0001:00080A54       uImportacaoM3.TImportacaoM3.RetornarConfigEstoqueNegativo
 0001:0007CB78       uImportacaoM3.TImportacaoM3.RetornarDadosTabela
 0001:00080398       uImportacaoM3.TImportacaoM3.RetornarIDs
 0001:0007CB54       uImportacaoM3.TImportacaoM3.TerminarImportacao
 0002:000004BC       uImportacaoM3.uImportacaoM3
 0004:0000008C       uIntegracaoOnLine..2
 0001:00080EF8       uIntegracaoOnLine..TIntegracaoOnLine
 0001:000AF8CC       uIntegracaoOnLine.AtribuirDados
 0001:000AE218       uIntegracaoOnLine.AtribuirDados
 0001:0008E32C       uIntegracaoOnLine.AtribuirDadosEntrega
 0001:001062CC       uIntegracaoOnLine.ByteArrayToStr
 0001:000987C0       uIntegracaoOnLine.CalcularDescontoAmort
 0001:000986FC       uIntegracaoOnLine.CalcularDescontoCondicional
 0001:000987D0       uIntegracaoOnLine.CalcularTotal
 0001:000984C0       uIntegracaoOnLine.CalcularValorJuro
 0001:000983F4       uIntegracaoOnLine.CalcularValorMulta
 0001:000C3694       uIntegracaoOnLine.CarregarCargaTributaria
 0001:000E4968       uIntegracaoOnLine.CarregarDLL
 0001:000C5514       uIntegracaoOnLine.CarregarProdutosProduzidos
 0001:000C49D8       uIntegracaoOnLine.CarregarTributacaoProduto
 0001:0008EF5C       uIntegracaoOnLine.ConsultarDocto
 0001:00084E7C       uIntegracaoOnLine.ConsultarItensPro
 0001:00087FBC       uIntegracaoOnLine.ConsultarItensSer
 0001:00089450       uIntegracaoOnLine.ConsultarParcelamentoCrediario
 0001:0008B0A0       uIntegracaoOnLine.ConsultarParcelamentoNormal
 0001:0008BCD4       uIntegracaoOnLine.CriarCDSDocto
 0001:0008CDFC       uIntegracaoOnLine.CriarCDSItens
 0001:0008DB6C       uIntegracaoOnLine.CriarCDSParcelamento
 0001:000AF824       uIntegracaoOnLine.CriarCDSs
 0001:000ADF6C       uIntegracaoOnLine.CriarCDSs
 0001:0008DEAC       uIntegracaoOnLine.CriarCDSsLiquidacao
 0001:000AF890       uIntegracaoOnLine.DestruirCDSs
 0001:000AE174       uIntegracaoOnLine.DestruirCDSs
 0001:00110518       uIntegracaoOnLine.Fetch
 0001:001108B4       uIntegracaoOnLine.Finalization
 0003:00003E84       uIntegracaoOnLine.HexChars
 0001:000BED60       uIntegracaoOnLine.InserirEstadosNaoPublicados
 0001:000E4D4C       uIntegracaoOnLine.LerConfiguracao
 0003:00003E80       uIntegracaoOnLine.Nome
 0001:000A632C       uIntegracaoOnLine.RetornarChaveM3ProdServ
 0001:000A23C8       uIntegracaoOnLine.RetornarDataSet
 0001:0009DD90       uIntegracaoOnLine.RetornarDataSet
 0001:00098328       uIntegracaoOnLine.RetornarDataUtil
 0001:000A95C8       uIntegracaoOnLine.RetornarIDF_ConvdoPAF
 0001:000A2E40       uIntegracaoOnLine.RetornarSerieDocto
 0001:000E55C0       uIntegracaoOnLine.RetornarTabelaMPDV
 0001:000E574C       uIntegracaoOnLine.RetornarTabelaRetaguarda
 0003:00003E7C       uIntegracaoOnLine.Sigla
 0001:000A3570       uIntegracaoOnLine.TestaPresencaParamStr
 0001:000E5288       uIntegracaoOnLine.TestaRetorno
 0001:000995CC       uIntegracaoOnLine.TIntegracaoOnLine.ApurarJuros
 0001:000D2E54       uIntegracaoOnLine.TIntegracaoOnLine.ApurarTaxaJuros
 0001:000F012C       uIntegracaoOnLine.TIntegracaoOnLine.AtribuirPermiteCarregarDAVLibFat
 0001:0009BF9C       uIntegracaoOnLine.TIntegracaoOnLine.AtribuiTiposDocumentoDAV
 0001:00099AAC       uIntegracaoOnLine.TIntegracaoOnLine.AtualizarCOODocumentoDireto
 0001:000849B8       uIntegracaoOnLine.TIntegracaoOnLine.AtualizarDados
 0001:0009D4D0       uIntegracaoOnLine.TIntegracaoOnLine.AtualizarIntegracaoDoctoRetaguarda
 0001:0009D968       uIntegracaoOnLine.TIntegracaoOnLine.AtualizarIntegracaoRDZRetaguarda
 0001:0009C9F0       uIntegracaoOnLine.TIntegracaoOnLine.AtualizarSituacaoDoctoRetaguarda
 0001:0010644C       uIntegracaoOnLine.TIntegracaoOnLine.AtualizarSituacaoNFeNFCeDasNotasEnviadas
 0001:0009CF60       uIntegracaoOnLine.TIntegracaoOnLine.AtualizarSituacaoReducaoZRetaguarda
 0001:000EF9D0       uIntegracaoOnLine.TIntegracaoOnLine.AtualizarStatusLiberacaoFatPedido
 0001:00084BB0       uIntegracaoOnLine.TIntegracaoOnLine.AtualizarTabelaRelacionada
 0001:000E5380       uIntegracaoOnLine.TIntegracaoOnLine.AtualizarTabelas
 0001:000E5FD0       uIntegracaoOnLine.TIntegracaoOnLine.CarregarAdiantamentoDireto
 0001:000EBCFC       uIntegracaoOnLine.TIntegracaoOnLine.CarregarAdiantamentoTrocaDireto
 0001:00093AA8       uIntegracaoOnLine.TIntegracaoOnLine.CarregarDadosDoctoPreVendaDireto
 0001:000987F4       uIntegracaoOnLine.TIntegracaoOnLine.CarregarDadosParcelasCREDireto
 0001:00093F28       uIntegracaoOnLine.TIntegracaoOnLine.CarregarDoctosPreVendaDireto
 0001:000B0AC0       uIntegracaoOnLine.TIntegracaoOnLine.CarregarInfoConfig
 0001:00096CD0       uIntegracaoOnLine.TIntegracaoOnLine.CarregarParcelasCREDireto
 0001:000E4B28       uIntegracaoOnLine.TIntegracaoOnLine.Create
 0001:000B08DC       uIntegracaoOnLine.TIntegracaoOnLine.CriarConexaoMPDV
[...]
   806 0001:001154DD   810 0001:00115503   811 0001:0011552A   815 0001:00115533
   818 0001:00115563   819 0001:0011556B   820 0001:0011559B   821 0001:001155DA
   822 0001:0011560A   823 0001:00115649   824 0001:00115679   825 0001:001156AE
   826 0001:001156E3   827 0001:00115718   828 0001:0011574D   829 0001:00115782
   830 0001:001157B7   831 0001:001157EC   832 0001:00115821   833 0001:00115860
   834 0001:00115895   835 0001:001158D4   836 0001:00115904   837 0001:00115939
   838 0001:0011596E   839 0001:001159AD   840 0001:001159EC   841 0001:00115A2B
   842 0001:00115A6A   843 0001:00115A9A   844 0001:00115ACA   845 0001:00115B09
   848 0001:00115B3E   849 0001:00115B7D   850 0001:00115BBC   851 0001:00115BFB
   852 0001:00115C30   853 0001:00115C65   856 0001:00115C95   857 0001:00115CDA
   859 0001:00115D1B   860 0001:00115D32   861 0001:00115D62   862 0001:00115D92
   863 0001:00115DC2   866 0001:00115DF2   869 0001:00115E22   870 0001:00115E77
   872 0001:00115E8F   874 0001:00115EA5   875 0001:00115EE8   877 0001:00115F2B
   879 0001:00115F5A   880 0001:00115FE0   883 0001:00116033   884 0001:00116063
   886 0001:00116098   887 0001:001160D7   888 0001:0011610C   890 0001:00116141
   892 0001:00116176   895 0001:001161AB   896 0001:001161B6   808 0001:001161C5
   899 0001:001161DC   903 0001:001161F8   904 0001:0011620D   905 0001:00116227
   906 0001:00116241   907 0001:0011625B   908 0001:00116275   912 0001:001162AD
   913 0001:001162B8   914 0001:001162CE   915 0001:001162E4   916 0001:001162FA
   917 0001:00116310   918 0001:00116326   919 0001:0011633C   920 0001:00116352
   921 0001:00116368   922 0001:0011637E   923 0001:00116394   924 0001:001163AA
   926 0001:001163B2   927 0001:001163C1   929 0001:001163D8   932 0001:001163EC
   933 0001:001163F4   934 0001:00116424   935 0001:00116454   936 0001:00116489
   937 0001:001164BE   938 0001:001164EE   939 0001:00116523   940 0001:00116558
   941 0001:00116597   942 0001:001165C7   943 0001:001165F7   944 0001:0011662C
   945 0001:00116637   930 0001:00116646   948 0001:0011665D   951 0001:00116679
   952 0001:0011668E   953 0001:001166A8   954 0001:001166C2   955 0001:001166DC
   959 0001:00116714   960 0001:0011671F   961 0001:00116735   962 0001:0011674B
   963 0001:00116761   965 0001:00116769   966 0001:00116778   968 0001:0011678F
   971 0001:001167A3   972 0001:001167AB   973 0001:001167DB   974 0001:00116810
   975 0001:00116840   976 0001:0011684B   969 0001:0011685A   979 0001:00116871
   982 0001:0011688D   983 0001:001168A2   984 0001:001168BC   985 0001:001168D6
   986 0001:001168F0   987 0001:0011690A   988 0001:00116924   992 0001:0011695C
   993 0001:00116967   994 0001:0011697D   995 0001:00116993   996 0001:001169A9
   997 0001:001169BF   998 0001:001169D5   999 0001:001169EB  1000 0001:00116A01
  1001 0001:00116A17  1002 0001:00116A2D  1003 0001:00116A43  1004 0001:00116A59
  1006 0001:00116A61  1007 0001:00116A70  1009 0001:00116A87  1012 0001:00116A9B
  1013 0001:00116AA3  1014 0001:00116AD3  1015 0001:00116B03  1016 0001:00116B42
  1017 0001:00116B81  1018 0001:00116BB1  1019 0001:00116BE6  1020 0001:00116C1B
  1021 0001:00116C4B  1022 0001:00116C8A  1023 0001:00116CBA  1024 0001:00116CEA
  1025 0001:00116CF5  1010 0001:00116D04  1028 0001:00116D1B  1031 0001:00116D37
  1032 0001:00116D4C  1033 0001:00116D66  1034 0001:00116D80  1035 0001:00116D9A
  1036 0001:00116DB4  1040 0001:00116DEC  1041 0001:00116DF7  1042 0001:00116E0D
  1043 0001:00116E23  1044 0001:00116E39  1045 0001:00116E4F  1046 0001:00116E65
  1047 0001:00116E7B  1048 0001:00116E91  1049 0001:00116EA7  1050 0001:00116EBD
  1051 0001:00116ED3  1052 0001:00116EE9  1054 0001:00116EF1  1055 0001:00116F00
  1057 0001:00116F17  1060 0001:00116F2B  1061 0001:00116F33  1062 0001:00116F63
  1063 0001:00116F93  1064 0001:00116FC8  1065 0001:00117007  1066 0001:00117046
  1067 0001:00117076  1068 0001:001170A6  1069 0001:001170E5  1070 0001:001170F7
  1072 0001:0011713A  1073 0001:00117179  1074 0001:001171B8  1076 0001:001171C3
  1079 0001:0011720D  1080 0001:00117214  1083 0001:00117230  1058 0001:0011723F
  1086 0001:00117256  1089 0001:00117272  1103 0001:00117287  1104 0001:001172A1
  1105 0001:001172BB  1106 0001:001172D5  1107 0001:001172EF  1108 0001:00117309
  1109 0001:00117323  1110 0001:0011733D  1111 0001:00117357  1112 0001:00117371
  1114 0001:001173A9  1115 0001:001173B4  1116 0001:001173CA  1117 0001:001173E0
  1118 0001:001173F6  1119 0001:0011740C  1120 0001:00117422  1122 0001:0011742A
  1123 0001:00117439  1125 0001:00117450  1128 0001:00117464  1129 0001:0011746C
  1130 0001:0011749C  1131 0001:001174D1  1132 0001:00117501  1133 0001:00117531
  1134 0001:00117570  1135 0001:0011757B  1126 0001:0011758A  1138 0001:001175A1
  1141 0001:001175BD  1142 0001:001175D2  1143 0001:001175EC  1144 0001:00117606
  1145 0001:00117620  1146 0001:0011763A  1148 0001:00117672  1149 0001:0011767D
  1150 0001:00117693  1151 0001:001176A9  1152 0001:001176BF  1153 0001:001176D5
  1154 0001:001176EB  1155 0001:00117701  1156 0001:00117717  1157 0001:0011772D
  1158 0001:00117743  1159 0001:00117759  1161 0001:00117761  1162 0001:00117770
  1164 0001:00117787  1167 0001:0011779B  1168 0001:001177A3  1169 0001:001177D3
  1170 0001:00117808  1171 0001:0011783D  1172 0001:0011787C  1173 0001:001178BB
  1174 0001:001178FA  1175 0001:0011792F  1176 0001:00117964  1177 0001:00117994
  1178 0001:001179C4  1179 0001:001179CF  1165 0001:001179DE  1182 0001:001179F5
  1185 0001:00117A11  1186 0001:00117A26  1187 0001:00117A40  1188 0001:00117A5A
  1189 0001:00117A74  1191 0001:00117AAC  1192 0001:00117AB7  1193 0001:00117ACD
  1194 0001:00117AE3  1195 0001:00117AF9  1196 0001:00117B0F  1198 0001:00117B17
  1199 0001:00117B26  1201 0001:00117B3D  1204 0001:00117B51  1205 0001:00117B59
  1206 0001:00117B89  1207 0001:00117BC8  1208 0001:00117BFD  1209 0001:00117C2D
  1210 0001:00117C38  1202 0001:00117C47  1213 0001:00117C5E  1215 0001:00117C7A
  1217 0001:00117C8B  1218 0001:00117C93  1219 0001:00117C9B  1220 0001:00117CA3
  1221 0001:00117CAB  1222 0001:00117CB3  1223 0001:00117CBB  1224 0001:00117CC3
  1225 0001:00117CCB  1226 0001:00117CD3  1228 0001:00117CE3  1233 0001:0011E6E0
  1237 0001:0011E701  1246 0001:0011E70E  1247 0001:0011E71E  1248 0001:0011E733
  1249 0001:0011E75B  1250 0001:0011E779  1251 0001:0011E797  1253 0001:0011E7B3
  1256 0001:0011E7CB  1257 0001:0011E7DA  1258 0001:0011E7F8  1259 0001:0011E816
  1261 0001:0011E832  1267 0001:0011E846  1269 0001:0011E866  1270 0001:0011E875
  1271 0001:0011E88A  1272 0001:0011E8BD  1274 0001:0011E8CC  1277 0001:0011E8FA
  1278 0001:0011E90F  1279 0001:0011E929  1280 0001:0011E947  1281 0001:0011E963
  1284 0001:0011E977  1292 0001:0011EDB0  1293 0001:0011EDDB  1294 0001:0011EDEC
  1295 0001:0011EDFD  1296 0001:0011EE0E  1297 0001:0011EE1F  1299 0001:0011EE2D
  1300 0001:0011EE42  1301 0001:0011EE5C  1302 0001:0011EE76  1303 0001:0011EE90
  1304 0001:0011EEAA  1305 0001:0011EEC4  1306 0001:0011EEDE  1307 0001:0011EEF8
  1308 0001:0011EF12  1309 0001:0011EF2C  1310 0001:0011EF46  1311 0001:0011EF60
  1312 0001:0011EF7A  1313 0001:0011EF94  1314 0001:0011EFAE  1315 0001:0011EFC8
  1317 0001:0011EFE6  1318 0001:0011EFF5  1320 0001:0011F008  1321 0001:0011F00C
  1324 0001:0011F016  1325 0001:0011F021  1326 0001:0011F037  1327 0001:0011F04D
  1328 0001:0011F063  1329 0001:0011F079  1330 0001:0011F08F  1331 0001:0011F0A5
  1332 0001:0011F0BB  1333 0001:0011F0D1  1334 0001:0011F0E7  1335 0001:0011F0FD
  1336 0001:0011F113  1337 0001:0011F129  1338 0001:0011F13F  1339 0001:0011F155
  1340 0001:0011F16B  1341 0001:0011F181  1342 0001:0011F197  1343 0001:0011F1AD
  1344 0001:0011F1C3  1345 0001:0011F1D9  1346 0001:0011F1EF  1347 0001:0011F205
  1348 0001:0011F21B  1349 0001:0011F231  1350 0001:0011F247  1351 0001:0011F25D
  1352 0001:0011F273  1353 0001:0011F289  1354 0001:0011F29F  1355 0001:0011F2B5
  1356 0001:0011F2CB  1357 0001:0011F2E1  1358 0001:0011F2F7  1359 0001:0011F30D
  1360 0001:0011F323  1361 0001:0011F339  1362 0001:0011F34F  1363 0001:0011F365
  1364 0001:0011F37B  1365 0001:0011F391  1366 0001:0011F3A7  1367 0001:0011F3BD
  1368 0001:0011F3D3  1369 0001:0011F3E9  1370 0001:0011F3FF  1372 0001:0011F415
  1373 0001:0011F42B  1374 0001:0011F441  1376 0001:0011F449  1379 0001:0011F45D
  1380 0001:0011F465  1381 0001:0011F495  1382 0001:0011F4C5  1383 0001:0011F4F5
  1384 0001:0011F52E  1385 0001:0011F563  1386 0001:0011F598  1387 0001:0011F5CD
  1388 0001:0011F5FD  1389 0001:0011F62D  1390 0001:0011F65D  1391 0001:0011F68D
  1392 0001:0011F6BD  1393 0001:0011F6ED  1394 0001:0011F71D  1395 0001:0011F74D
  1396 0001:0011F77D  1397 0001:0011F7AD  1398 0001:0011F7E2  1399 0001:0011F817
  1400 0001:0011F84C  1401 0001:0011F881  1402 0001:0011F8B6  1403 0001:0011F8EB
  1404 0001:0011F920  1405 0001:0011F955  1406 0001:0011F98A  1407 0001:0011F9BF
  1408 0001:0011F9F4  1409 0001:0011FA29  1410 0001:0011FA5E  1411 0001:0011FA93
  1412 0001:0011FAC8  1413 0001:0011FAFD  1414 0001:0011FB32  1415 0001:0011FB67
  1416 0001:0011FBA0  1417 0001:0011FBD9  1418 0001:0011FC12  1419 0001:0011FC4B
  1420 0001:0011FC7B  1421 0001:0011FCAB  1422 0001:0011FCE0  1423 0001:0011FD15
  1424 0001:0011FD4A  1425 0001:0011FD6F  1426 0001:0011FDA8  1427 0001:0011FDE1
  1428 0001:0011FE1A  1429 0001:0011FE25  1377 0001:0011FE34  1431 0001:0011FE4B
  1434 0001:0011FE61  1435 0001:0011FE76  1436 0001:0011FE90  1437 0001:0011FEAA
  1438 0001:0011FEC4  1439 0001:0011FEDE  1440 0001:0011FEF8  1442 0001:0011FF16
  1443 0001:0011FF21  1444 0001:0011FF37  1445 0001:0011FF4D  1446 0001:0011FF63
  1447 0001:0011FF79  1448 0001:0011FF8F  1449 0001:0011FFA5  1450 0001:0011FFBB
  1452 0001:0011FFC3  1453 0001:0011FFD2  1455 0001:0011FFE9  1458 0001:0011FFFD
  1459 0001:00120005  1460 0001:00120035  1461 0001:00120065  1462 0001:0012009A
  1463 0001:001200CF  1464 0001:00120104  1465 0001:00120139  1466 0001:00120172
  1467 0001:0012017D  1456 0001:0012018C  1470 0001:001201A3  1473 0001:001201B9
  1474 0001:001201CE  1475 0001:001201E8  1476 0001:00120202  1477 0001:0012021C
  1478 0001:00120236  1479 0001:00120250  1481 0001:0012026E  1482 0001:00120279
  1483 0001:0012028F  1484 0001:001202A5  1485 0001:001202BB  1486 0001:001202D1
  1487 0001:001202E7  1488 0001:001202FD  1489 0001:00120313  1491 0001:0012031B
  1492 0001:0012032A  1494 0001:00120341  1497 0001:00120355  1498 0001:0012035D
  1499 0001:0012038D  1500 0001:001203BD  1501 0001:001203F2  1502 0001:00120427
  1503 0001:0012045C  1504 0001:00120491  1505 0001:001204CA  1506 0001:001204D5
  1495 0001:001204E4  1509 0001:001204FB  1512 0001:00120511  1513 0001:00120526
  1514 0001:00120540  1515 0001:0012055A  1516 0001:00120574  1517 0001:0012058E
  1519 0001:001205AC  1520 0001:001205B7  1521 0001:001205CD  1522 0001:001205E3
  1523 0001:001205F9  1524 0001:0012060F  1525 0001:00120625  1527 0001:0012062D
  1528 0001:0012063C  1530 0001:00120653  1533 0001:00120667  1534 0001:0012066F
  1535 0001:0012069F  1536 0001:001206D8  1537 0001:0012070D  1538 0001:0012073D
  1539 0001:0012077C  1540 0001:00120787  1531 0001:00120796  1543 0001:001207AD
  1544 0001:001207C9  1546 0001:001207DA  1547 0001:001207E2  1548 0001:001207EA
  1549 0001:001207F2  1551 0001:00120802  1554 0001:00122814  1557 0001:00122820
  1558 0001:00122835  1559 0001:0012284F  1560 0001:0012286D  1561 0001:0012288B
  1563 0001:001228A7  1564 0001:001228BB  1569 0001:00122A18  1570 0001:00122A24
  1571 0001:00122A35  1572 0001:00122A43  1574 0001:00122A63  1576 0001:00122A73
  1582 0001:00122A90  1583 0001:00122AB2  1584 0001:00122AC3  1585 0001:00122AD1
  1586 0001:00122AE6  1588 0001:00122AF3  1589 0001:00122AF9  1591 0001:00122B08
  1593 0001:00122B15  1595 0001:00122B22  1596 0001:00122B30  1597 0001:00122B41
  1598 0001:00122B47  1600 0001:00122B5E  1601 0001:00122B8E  1603 0001:00122B96
  1605 0001:00122BB8  1607 0001:00122BC8  1612 0001:00122D80  1613 0001:00122D9F
  1614 0001:00122DB6  1615 0001:00122DD2  1616 0001:00122DDE  1622 0001:00122E30
  1623 0001:00122E4F  1624 0001:00122E60  1625 0001:00122E6E  1626 0001:00122E83
  1627 0001:00122E90  1628 0001:00122E9E  1629 0001:00122EAF  1630 0001:00122EC4
  1632 0001:00122ECC  1634 0001:00122EEE  1636 0001:00122EFE

Line numbers for uLeitura(uLeitura.pas) segment .itext

  1638 0002:000004CC

Line numbers for uLeituraLM(uLeituraLM.pas) segment .itext

    18 0002:000004D4

Line numbers for uLeituraM3(uLeituraM3.pas) segment .itext

    18 0002:000004DC

Line numbers for uExportacaoM3(uExportacaoM3.pas) segment .text

    76 0001:00123C2C    77 0001:00123C32    78 0001:00123C36    79 0001:00123C43
    81 0001:00123C4D    82 0001:00123C64    83 0001:00123C7B    84 0001:00123C92
    85 0001:00123CA9    86 0001:00123CC0    88 0001:00123CD7    91 0001:00123CDB
    92 0001:00123CE1    94 0001:00123DEC    95 0001:00123E04    96 0001:00123E0E
    97 0001:00123E19    98 0001:00123E2F    99 0001:00123E37   100 0001:00123E47
   103 0001:00123ED8   104 0001:00123EE9   105 0001:00123EF7   118 0001:00123F0C
   119 0001:00123F2A   120 0001:00123F3E   121 0001:00123F4C   122 0001:00123F70
   123 0001:00123F94   124 0001:00123FBD   125 0001:00123FE1   126 0001:00124005
   127 0001:0012402E   128 0001:00124057   129 0001:0012407B   130 0001:001240A2
   131 0001:001240AE   133 0001:001240C1   134 0001:001240EB   136 0001:0012410E
   138 0001:00124121   140 0001:001242B8   141 0001:001242DB   143 0001:001242E8
   145 0001:001242EF   146 0001:001242FD   147 0001:00124309   148 0001:00124318
   150 0001:00124346   151 0001:00124376   152 0001:0012437F   154 0001:001243C3
   156 0001:001243C6   158 0001:001243F2   159 0001:001243FB   161 0001:00124407
   162 0001:00124410   186 0001:001244D4   187 0001:001244DB   188 0001:001244E3
   191 0001:001244E8   192 0001:001244EF   194 0001:001244F8   195 0001:00124505
   197 0001:0012450D   215 0001:00124510   218 0001:001245F5   219 0001:00124638
   220 0001:00124646   221 0001:0012465D   222 0001:00124698   223 0001:001246AF
   224 0001:001246C6   225 0001:001246F6   227 0001:00124703   228 0001:00124709
   230 0001:00124733   232 0001:0012473D   233 0001:0012474E   234 0001:0012475F
   235 0001:00124770   236 0001:00124781   237 0001:00124792   238 0001:001247A3
   239 0001:001247B4   240 0001:001247C5   241 0001:001247D6   242 0001:001247E4
   243 0001:001247EF   244 0001:001247FA   245 0001:00124805   246 0001:00124810
   247 0001:0012481E   249 0001:0012482C   250 0001:0012483A   252 0001:00124848
   253 0001:0012486B   254 0001:0012488E   255 0001:001248B1   256 0001:001248D4
   257 0001:001248F7   259 0001:0012491A   260 0001:0012493D   262 0001:0012496D
   263 0001:00124975   264 0001:0012497D   265 0001:00124985   266 0001:0012498D
   267 0001:00124995   268 0001:0012499D   269 0001:001249A5   270 0001:001249AD
   274 0001:001249CA   277 0001:001249DA   278 0001:00124A05   279 0001:00124A1C
   280 0001:00124A33   281 0001:00124A4A   282 0001:00124A61   283 0001:00124A7B
   284 0001:00124A95   285 0001:00124AAF   286 0001:00124AC9   288 0001:00124AE3
   289 0001:00124B07   294 0001:00124E18   295 0001:00124E92   296 0001:00124EB4
   297 0001:00124EC8   298 0001:00124EDC   299 0001:00124EF0   301 0001:00124F04
   302 0001:00124F25   320 0001:00124F88   323 0001:0012506E   324 0001:001250B1
   325 0001:001250BF   326 0001:001250D6   327 0001:00125111   328 0001:00125128
   329 0001:0012513F   330 0001:0012516F   332 0001:0012517C   333 0001:00125182
   335 0001:001251AC   337 0001:001251B6   338 0001:001251C7   339 0001:001251D8
   340 0001:001251E9   341 0001:001251FA   342 0001:0012520B   343 0001:0012521C
   344 0001:0012522D   345 0001:0012523E   346 0001:0012524F   347 0001:0012525D
   348 0001:00125268   349 0001:00125273   350 0001:0012527E   351 0001:00125289
   352 0001:00125297   353 0001:001252A5   354 0001:001252B3   356 0001:001252D0
   357 0001:001252D5   358 0001:001252E3   360 0001:001252F1   361 0001:00125314
   362 0001:00125337   363 0001:0012535A   364 0001:0012537D   365 0001:001253A0
   366 0001:001253C3   367 0001:001253E6   368 0001:00125409   370 0001:00125439
   371 0001:00125441   372 0001:00125449   373 0001:00125451   374 0001:00125459
   375 0001:00125461   376 0001:00125469   377 0001:00125471   378 0001:00125479
   382 0001:00125496   385 0001:001254A6   386 0001:001254D1   387 0001:001254E8
   388 0001:001254FF   389 0001:00125516   390 0001:0012552D   391 0001:00125547
   392 0001:00125561   393 0001:0012557B   394 0001:00125595   396 0001:001255AF
   397 0001:001255D3   414 0001:00125914   417 0001:001259DB   418 0001:00125A1E
   419 0001:00125A2C   420 0001:00125A43   421 0001:00125A7E   422 0001:00125A95
   423 0001:00125AAC   424 0001:00125ADC   426 0001:00125AE9   427 0001:00125AEF
   429 0001:00125B19   431 0001:00125B23   432 0001:00125B34   433 0001:00125B45
   434 0001:00125B56   435 0001:00125B67   436 0001:00125B78   437 0001:00125B89
   438 0001:00125B9A   439 0001:00125BAB   440 0001:00125BB9   441 0001:00125BC4
   442 0001:00125BCF   443 0001:00125BDA   444 0001:00125BE5   445 0001:00125BF0
   446 0001:00125BFE   447 0001:00125C0C   449 0001:00125C1A   450 0001:00125C3D
   451 0001:00125C60   452 0001:00125C83   453 0001:00125CA6   454 0001:00125CC9
   455 0001:00125CEC   456 0001:00125D0F   458 0001:00125D3F   459 0001:00125D47
   460 0001:00125D4F   461 0001:00125D57   462 0001:00125D5F   463 0001:00125D67
   464 0001:00125D6F   465 0001:00125D77   469 0001:00125D94   472 0001:00125DA4
   473 0001:00125DCF   474 0001:00125DE6   475 0001:00125DFD   476 0001:00125E14
   477 0001:00125E2B   478 0001:00125E42   479 0001:00125E5C   480 0001:00125E76
   482 0001:00125E90   483 0001:00125EB4   486 0001:001261E4   488 0001:001262C4
   498 0001:001262F8   499 0001:00126334   500 0001:00126368   501 0001:00126376
   502 0001:0012638D   503 0001:001263BC   504 0001:001263D3   505 0001:001263E4
   506 0001:0012640E   508 0001:0012641B   509 0001:00126421   511 0001:00126445
   513 0001:0012644F   514 0001:00126460   515 0001:0012646E   517 0001:00126479
   518 0001:00126487   521 0001:001264B3   523 0001:001264C5   527 0001:001264E2
   530 0001:001264F2   531 0001:00126514   533 0001:00126528   535 0001:00126549
   554 0001:001266FC   557 0001:001267E2   558 0001:00126825   559 0001:00126833
   560 0001:0012684A   561 0001:00126885   562 0001:0012689C   563 0001:001268B3
   564 0001:001268E3   566 0001:001268F0   567 0001:001268F6   569 0001:00126920
   571 0001:0012692A   572 0001:0012693B   573 0001:0012694C   574 0001:0012695D
   575 0001:0012696E   576 0001:0012697F   577 0001:00126990   578 0001:001269A1
   579 0001:001269B2   580 0001:001269C3   581 0001:001269D1   582 0001:001269DC
   583 0001:001269E7   584 0001:001269F2   585 0001:001269FD   586 0001:00126A0B
   587 0001:00126A19   588 0001:00126A27   589 0001:00126A35   591 0001:00126A43
   592 0001:00126A66   593 0001:00126A89   594 0001:00126AAC   595 0001:00126ACF
   596 0001:00126AF2   597 0001:00126B15   598 0001:00126B38   599 0001:00126B5B
   601 0001:00126B8B   602 0001:00126B93   603 0001:00126B9B   604 0001:00126BA3
   605 0001:00126BAB   606 0001:00126BB3   607 0001:00126BBB   608 0001:00126BC3
   609 0001:00126BCB   613 0001:00126BE8   616 0001:00126BF8   617 0001:00126C23
   618 0001:00126C3A   619 0001:00126C51   620 0001:00126C68   621 0001:00126C7F
   622 0001:00126C99   623 0001:00126CB3   624 0001:00126CCD   625 0001:00126CE7
   627 0001:00126D01   628 0001:00126D25   633 0001:00127064   634 0001:001270A0
   635 0001:001270C2   637 0001:001270DE   639 0001:001270FF

Line numbers for uExportacaoM3(uExportacaoM3.pas) segment .itext

   641 0002:000004E4

Line numbers for .M3MPDVIntegracao(M3MPDVIntegracao.dpk) segment .text

    66 0001:00127171

Bound resource files

uDM.dfm
M3MPDVIntegracao.res
M3MPDVIntegracao.drf


Program entry point at 0002:000004EC
